Component: Arm Compiler for Embedded 6.21 Tool: armlink [5ec1fa00]

==============================================================================

Section Cross References

    startup_stm32g474xx.o(RESET) refers to startup_stm32g474xx.o(STACK) for __initial_sp
    startup_stm32g474xx.o(RESET) refers to startup_stm32g474xx.o(.text) for Reset_Handler
    startup_stm32g474xx.o(RESET) refers to stm32g4xx_it.o(.text.NMI_Handler) for NMI_Handler
    startup_stm32g474xx.o(RESET) refers to stm32g4xx_it.o(.text.HardFault_Handler) for HardFault_Handler
    startup_stm32g474xx.o(RESET) refers to stm32g4xx_it.o(.text.MemManage_Handler) for MemManage_Handler
    startup_stm32g474xx.o(RESET) refers to stm32g4xx_it.o(.text.BusFault_Handler) for BusFault_Handler
    startup_stm32g474xx.o(RESET) refers to stm32g4xx_it.o(.text.UsageFault_Handler) for UsageFault_Handler
    startup_stm32g474xx.o(RESET) refers to stm32g4xx_it.o(.text.SVC_Handler) for SVC_Handler
    startup_stm32g474xx.o(RESET) refers to stm32g4xx_it.o(.text.DebugMon_Handler) for DebugMon_Handler
    startup_stm32g474xx.o(RESET) refers to stm32g4xx_it.o(.text.PendSV_Handler) for PendSV_Handler
    startup_stm32g474xx.o(RESET) refers to stm32g4xx_it.o(.text.SysTick_Handler) for SysTick_Handler
    startup_stm32g474xx.o(RESET) refers to stm32g4xx_it.o(.text.DMA1_Channel1_IRQHandler) for DMA1_Channel1_IRQHandler
    startup_stm32g474xx.o(RESET) refers to stm32g4xx_it.o(.text.DMA1_Channel2_IRQHandler) for DMA1_Channel2_IRQHandler
    startup_stm32g474xx.o(RESET) refers to stm32g4xx_it.o(.text.USB_LP_IRQHandler) for USB_LP_IRQHandler
    startup_stm32g474xx.o(RESET) refers to stm32g4xx_it.o(.text.USART1_IRQHandler) for USART1_IRQHandler
    startup_stm32g474xx.o(.text) refers to system_stm32g4xx.o(.text.SystemInit) for SystemInit
    startup_stm32g474xx.o(.text) refers to entry.o(.ARM.Collect$$$$00000000) for __main
    main.o(.text.main) refers to stm32g4xx_hal.o(.text.HAL_Init) for HAL_Init
    main.o(.text.main) refers to main.o(.text.SystemClock_Config) for SystemClock_Config
    main.o(.text.main) refers to main.o(.text.MX_GPIO_Init) for MX_GPIO_Init
    main.o(.text.main) refers to main.o(.text.MX_DMA_Init) for MX_DMA_Init
    main.o(.text.main) refers to main.o(.text.MX_USART1_UART_Init) for MX_USART1_UART_Init
    main.o(.text.main) refers to main.o(.text.MX_USB_PCD_Init) for MX_USB_PCD_Init
    main.o(.text.main) refers to bsp_versaassistant.o(.text.bsp_versa_init) for bsp_versa_init
    main.o(.text.main) refers to usb_config.o(.text.usb_config_init) for usb_config_init
    main.o(.text.main) refers to main.o(.bss.main.expression) for main.expression
    main.o(.text.main) refers to main.o(.bss.main.led_blink_time) for main.led_blink_time
    main.o(.text.main) refers to bsp_systick.o(.text.bsp_systick_get_ms_since) for bsp_systick_get_ms_since
    main.o(.text.main) refers to stm32g4xx_hal_gpio.o(.text.HAL_GPIO_TogglePin) for HAL_GPIO_TogglePin
    main.o(.text.main) refers to bsp_systick.o(.text.bsp_systick_get_tick_ms) for bsp_systick_get_tick_ms
    main.o(.text.main) refers to main.o(.bss.main.key_tick_time) for main.key_tick_time
    main.o(.text.main) refers to bsp_key.o(.text.key_enc_scanf) for key_enc_scanf
    main.o(.text.main) refers to main.o(.bss.main.versa_tick_time) for main.versa_tick_time
    main.o(.text.main) refers to main.o(.bss.main.versa_count) for main.versa_count
    main.o(.text.main) refers to bsp_versaassistant.o(.bss.pTxProtocol) for pTxProtocol
    main.o(.text.main) refers to memcpya.o(.text) for __aeabi_memcpy
    main.o(.text.main) refers to bsp_protocol.o(.text.make_protocol) for make_protocol
    main.o(.text.main) refers to bsp_versaassistant.o(.text.bsp_versa_transmit) for bsp_versa_transmit
    main.o(.text.main) refers to bsp_key.o(.bss.key_t) for key_t
    main.o(.text.main) refers to bsp_versaassistant.o(.bss.bsp_versa_type_transmit) for bsp_versa_type_transmit
    main.o(.ARM.exidx.text.main) refers to main.o(.text.main) for [Anonymous Symbol]
    main.o(.text.SystemClock_Config) refers to memseta.o(.text) for __aeabi_memclr4
    main.o(.text.SystemClock_Config) refers to stm32g4xx_hal_pwr_ex.o(.text.HAL_PWREx_ControlVoltageScaling) for HAL_PWREx_ControlVoltageScaling
    main.o(.text.SystemClock_Config) refers to stm32g4xx_hal_rcc.o(.text.HAL_RCC_OscConfig) for HAL_RCC_OscConfig
    main.o(.text.SystemClock_Config) refers to main.o(.text.Error_Handler) for Error_Handler
    main.o(.text.SystemClock_Config) refers to stm32g4xx_hal_rcc.o(.text.HAL_RCC_ClockConfig) for HAL_RCC_ClockConfig
    main.o(.ARM.exidx.text.SystemClock_Config) refers to main.o(.text.SystemClock_Config) for [Anonymous Symbol]
    main.o(.text.MX_GPIO_Init) refers to stm32g4xx_hal_gpio.o(.text.HAL_GPIO_WritePin) for HAL_GPIO_WritePin
    main.o(.text.MX_GPIO_Init) refers to stm32g4xx_hal_gpio.o(.text.HAL_GPIO_Init) for HAL_GPIO_Init
    main.o(.ARM.exidx.text.MX_GPIO_Init) refers to main.o(.text.MX_GPIO_Init) for [Anonymous Symbol]
[...]
    [Anonymous Symbol]                       0x08009808   Section        0  usbd_core.o(.text.usbd_event_ep0_out_complete_handler)
    [Anonymous Symbol]                       0x080098ec   Section        0  usbd_core.o(.text.usbd_event_ep0_setup_complete_handler)
    [Anonymous Symbol]                       0x08009b70   Section        0  usbd_core.o(.text.usbd_event_ep_in_complete_handler)
    [Anonymous Symbol]                       0x08009bdc   Section        0  usbd_core.o(.text.usbd_event_ep_out_complete_handler)
    usbd_event_handler                       0x08009c49   Thumb Code   116  usb_config.o(.text.usbd_event_handler)
    [Anonymous Symbol]                       0x08009c48   Section        0  usb_config.o(.text.usbd_event_handler)
    [Anonymous Symbol]                       0x08009cbc   Section        0  usbd_core.o(.text.usbd_event_reset_handler)
    usbd_get_descriptor                      0x08009d51   Thumb Code   516  usbd_core.o(.text.usbd_get_descriptor)
    [Anonymous Symbol]                       0x08009d50   Section        0  usbd_core.o(.text.usbd_get_descriptor)
    [Anonymous Symbol]                       0x08009f54   Section        0  usbd_core.o(.text.usbd_get_ep_mps)
    usbd_hid_custom_in_callback              0x08009fd1   Thumb Code    28  usb_config.o(.text.usbd_hid_custom_in_callback)
    [Anonymous Symbol]                       0x08009fd0   Section        0  usb_config.o(.text.usbd_hid_custom_in_callback)
    usbd_hid_custom_out_callback             0x08009fed   Thumb Code    54  usb_config.o(.text.usbd_hid_custom_out_callback)
    [Anonymous Symbol]                       0x08009fec   Section        0  usb_config.o(.text.usbd_hid_custom_out_callback)
    [Anonymous Symbol]                       0x0800a024   Section        0  usbd_hid.o(.text.usbd_hid_get_idle)
    [Anonymous Symbol]                       0x0800a038   Section        0  usbd_hid.o(.text.usbd_hid_get_protocol)
    [Anonymous Symbol]                       0x0800a048   Section        0  usbd_hid.o(.text.usbd_hid_get_report)
    [Anonymous Symbol]                       0x0800a074   Section        0  usbd_hid.o(.text.usbd_hid_init_intf)
    [Anonymous Symbol]                       0x0800a0ac   Section        0  usbd_hid.o(.text.usbd_hid_set_idle)
    [Anonymous Symbol]                       0x0800a0c4   Section        0  usbd_hid.o(.text.usbd_hid_set_protocol)
    [Anonymous Symbol]                       0x0800a0d8   Section        0  usbd_hid.o(.text.usbd_hid_set_report)
    [Anonymous Symbol]                       0x0800a0f8   Section        0  usbd_core.o(.text.usbd_initialize)
    usbd_print_setup                         0x0800a1a5   Thumb Code    84  usbd_core.o(.text.usbd_print_setup)
    [Anonymous Symbol]                       0x0800a1a4   Section        0  usbd_core.o(.text.usbd_print_setup)
    usbd_reset_endpoint                      0x0800a1f9   Thumb Code    32  usbd_core.o(.text.usbd_reset_endpoint)
    [Anonymous Symbol]                       0x0800a1f8   Section        0  usbd_core.o(.text.usbd_reset_endpoint)
    [Anonymous Symbol]                       0x0800a218   Section        0  usb_dc_fsdev.o(.text.usbd_set_address)
    usbd_set_configuration                   0x0800a251   Thumb Code   252  usbd_core.o(.text.usbd_set_configuration)
    [Anonymous Symbol]                       0x0800a250   Section        0  usbd_core.o(.text.usbd_set_configuration)
    usbd_set_endpoint                        0x0800a34d   Thumb Code   206  usbd_core.o(.text.usbd_set_endpoint)
    [Anonymous Symbol]                       0x0800a34c   Section        0  usbd_core.o(.text.usbd_set_endpoint)
    usbd_set_interface                       0x0800a41d   Thumb Code   300  usbd_core.o(.text.usbd_set_interface)
    [Anonymous Symbol]                       0x0800a41c   Section        0  usbd_core.o(.text.usbd_set_interface)
    usbd_setup_request_handler               0x0800a549   Thumb Code   334  usbd_core.o(.text.usbd_setup_request_handler)
    [Anonymous Symbol]                       0x0800a548   Section        0  usbd_core.o(.text.usbd_setup_request_handler)
    usbd_standard_request_handler            0x0800a699   Thumb Code   148  usbd_core.o(.text.usbd_standard_request_handler)
    [Anonymous Symbol]                       0x0800a698   Section        0  usbd_core.o(.text.usbd_standard_request_handler)
    usbd_std_device_req_handler              0x0800a72d   Thumb Code   410  usbd_core.o(.text.usbd_std_device_req_handler)
    [Anonymous Symbol]                       0x0800a72c   Section        0  usbd_core.o(.text.usbd_std_device_req_handler)
    usbd_std_endpoint_req_handler            0x0800a8c9   Thumb Code   306  usbd_core.o(.text.usbd_std_endpoint_req_handler)
    [Anonymous Symbol]                       0x0800a8c8   Section        0  usbd_core.o(.text.usbd_std_endpoint_req_handler)
    usbd_std_interface_req_handler           0x0800a9fd   Thumb Code   340  usbd_core.o(.text.usbd_std_interface_req_handler)
    [Anonymous Symbol]                       0x0800a9fc   Section        0  usbd_core.o(.text.usbd_std_interface_req_handler)
    usbd_vendor_request_handler              0x0800ab51   Thumb Code   596  usbd_core.o(.text.usbd_vendor_request_handler)
    [Anonymous Symbol]                       0x0800ab50   Section        0  usbd_core.o(.text.usbd_vendor_request_handler)
    i.__0printf                              0x0800ada4   Section        0  printfa.o(i.__0printf)
    i.__scatterload_copy                     0x0800adc4   Section       14  handlers.o(i.__scatterload_copy)
    i.__scatterload_null                     0x0800add2   Section        2  handlers.o(i.__scatterload_null)
    i.__scatterload_zeroinit                 0x0800add4   Section       14  handlers.o(i.__scatterload_zeroinit)
    _fp_digits                               0x0800ade5   Thumb Code   366  printfa.o(i._fp_digits)
    i._fp_digits                             0x0800ade4   Section        0  printfa.o(i._fp_digits)
    _printf_core                             0x0800af69   Thumb Code  1744  printfa.o(i._printf_core)
    i._printf_core                           0x0800af68   Section        0  printfa.o(i._printf_core)
    _printf_post_padding                     0x0800b645   Thumb Code    36  printfa.o(i._printf_post_padding)
    i._printf_post_padding                   0x0800b644   Section        0  printfa.o(i._printf_post_padding)
    _printf_pre_padding                      0x0800b669   Thumb Code    46  printfa.o(i._printf_pre_padding)
    i._printf_pre_padding                    0x0800b668   Section        0  printfa.o(i._printf_pre_padding)
    i.fputc                                  0x0800b696   Section        0  fputc.o(i.fputc)
    UARTEx_SetNbDataToProcess.denominator    0x0800b6c0   Data           8  stm32g4xx_hal_uart_ex.o(.rodata.UARTEx_SetNbDataToProcess.denominator)
    [Anonymous Symbol]                       0x0800b6c0   Section        0  stm32g4xx_hal_uart_ex.o(.rodata.UARTEx_SetNbDataToProcess.denominator)
    UARTEx_SetNbDataToProcess.numerator      0x0800b6c8   Data           8  stm32g4xx_hal_uart_ex.o(.rodata.UARTEx_SetNbDataToProcess.numerator)
    [Anonymous Symbol]                       0x0800b6c8   Section        0  stm32g4xx_hal_uart_ex.o(.rodata.UARTEx_SetNbDataToProcess.numerator)
    cdc_descriptor                           0x0800b6e8   Data         202  usb_config.o(.rodata.cdc_descriptor)
    [Anonymous Symbol]                       0x0800b6e8   Section        0  usb_config.o(.rodata.cdc_descriptor)
    hid_custom_report_desc                   0x0800b7b2   Data          34  usb_config.o(.rodata.hid_custom_report_desc)
    [Anonymous Symbol]                       0x0800b7b2   Section        0  usb_config.o(.rodata.hid_custom_report_desc)
    .L.str.7                                 0x0800b7d4   Data          51  usbd_core.o(.rodata.str1.1)
    [Anonymous Symbol]                       0x0800b7d4   Section        0  usbd_core.o(.rodata.str1.1)
    .L.str.12                                0x0800b807   Data          22  usbd_core.o(.rodata.str1.1)
    .L.str.1                                 0x0800b81d   Data          27  usbd_core.o(.rodata.str1.1)
    .L.str.4                                 0x0800b838   Data          25  usbd_core.o(.rodata.str1.1)
    .L.str.6                                 0x0800b851   Data          23  usbd_core.o(.rodata.str1.1)
    .L.str.5                                 0x0800b868   Data          22  usbd_core.o(.rodata.str1.1)
    .L.str.8                                 0x0800b87e   Data          21  usbd_core.o(.rodata.str1.1)
    .L.str.9                                 0x0800b893   Data          19  usbd_core.o(.rodata.str1.1)
    .L.str.3                                 0x0800b8a6   Data          15  usbd_core.o(.rodata.str1.1)
    .L.str.11                                0x0800b8b5   Data          93  usbd_core.o(.rodata.str1.1)
    .L.str                                   0x0800b912   Data          14  usbd_core.o(.rodata.str1.1)
    .L.str                                   0x0800b912   Data          14  usbd_core.o(.rodata.str1.1)
    .L.str.10                                0x0800b920   Data          14  usbd_core.o(.rodata.str1.1)
    .L.str.10                                0x0800b92e   Data           5  usbd_core.o(.rodata.str1.1)
    .L.str.2                                 0x0800b92e   Data           5  usbd_core.o(.rodata.str1.1)
    .L.str.2                                 0x0800b92e   Data           5  usbd_core.o(.rodata.str1.1)
    .L.str.2                                 0x0800b92e   Data           5  usbd_core.o(.rodata.str1.1)
    .L.str.9                                 0x0800b933   Data          38  usbd_cdc.o(.rodata.str1.1)
    [Anonymous Symbol]                       0x0800b933   Section        0  usbd_cdc.o(.rodata.str1.1)
    .L.str                                   0x0800b959   Data          14  usbd_cdc.o(.rodata.str1.1)
    .L.str.8                                 0x0800b959   Data          14  usbd_cdc.o(.rodata.str1.1)
    .L.str.3                                 0x0800b979   Data          23  usb_dc_fsdev.o(.rodata.str1.1)
    [Anonymous Symbol]                       0x0800b979   Section        0  usb_dc_fsdev.o(.rodata.str1.1)
    .L.str.1                                 0x0800b990   Data          24  usb_dc_fsdev.o(.rodata.str1.1)
    .L.str.1                                 0x0800b9a8   Data          38  usbd_hid.o(.rodata.str1.1)
    [Anonymous Symbol]                       0x0800b9a8   Section        0  usbd_hid.o(.rodata.str1.1)
    .data                                    0x20000000   Section        4  stdout.o(.data)
    custom_in_ep                             0x20000018   Data           8  usb_config.o(.data.custom_in_ep)
    [Anonymous Symbol]                       0x20000018   Section        0  usb_config.o(.data.custom_in_ep)
    custom_out_ep                            0x20000020   Data           8  usb_config.o(.data.custom_out_ep)
    [Anonymous Symbol]                       0x20000020   Section        0  usb_config.o(.data.custom_out_ep)
    sht75_crc_table                          0x20000028   Data         256  bsp_crc8.o(.data.sht75_crc_table)
    [Anonymous Symbol]                       0x20000028   Section        0  bsp_crc8.o(.data.sht75_crc_table)
    bsp_uart_irq_callback.this_rx_buff_len   0x20000568   Data           1  bsp_uart.o(.bss.bsp_uart_irq_callback.this_rx_buff_len)
    [Anonymous Symbol]                       0x20000568   Section        0  bsp_uart.o(.bss.bsp_uart_irq_callback.this_rx_buff_len)
    crc_tab16                                0x2000056a   Data         512  bsp_crc16.o(.bss.crc_tab16)
    [Anonymous Symbol]                       0x2000056a   Section        0  bsp_crc16.o(.bss.crc_tab16)
    crc_tab16_init                           0x2000076a   Data           1  bsp_crc16.o(.bss.crc_tab16_init)
    [Anonymous Symbol]                       0x2000076a   Section        0  bsp_crc16.o(.bss.crc_tab16_init)
    custom_state                             0x2000076b   Data           1  usb_config.o(.bss.custom_state)
    [Anonymous Symbol]                       0x2000076b   Section        0  usb_config.o(.bss.custom_state)
    main.expression                          0x20000da0   Data           4  main.o(.bss.main.expression)
    [Anonymous Symbol]                       0x20000da0   Section        0  main.o(.bss.main.expression)
    main.key_tick_time                       0x20000da8   Data           8  main.o(.bss.main.key_tick_time)
    [Anonymous Symbol]                       0x20000da8   Section        0  main.o(.bss.main.key_tick_time)
    main.led_blink_time                      0x20000db0   Data           8  main.o(.bss.main.led_blink_time)
    [Anonymous Symbol]                       0x20000db0   Section        0  main.o(.bss.main.led_blink_time)
    main.versa_count                         0x20000db8   Data           4  main.o(.bss.main.versa_count)
    [Anonymous Symbol]                       0x20000db8   Section        0  main.o(.bss.main.versa_count)
    main.versa_tick_time                     0x20000dc0   Data           8  main.o(.bss.main.versa_tick_time)
    [Anonymous Symbol]                       0x20000dc0   Section        0  main.o(.bss.main.versa_tick_time)
    STACK                                    0x20000f00   Section     1024  startup_stm32g474xx.o(STACK)

    Global Symbols

    Symbol Name                              Value     Ov Type        Size  Object(Section)

    BuildAttributes$$THM_ISAv4$E$P$D$K$B$S$7EM$VFPi3$EXTD16$VFPS$VFMA$PE$A:L22UL41UL21$X:L11$S22US41US21$IEEE1$IW$~IW$USESV6$~STKCKD$USESV7$~SHL$OSPACE$ROPI$EBA8$MICROLIB$REQ8$PRES8$EABIv2 0x00000000   Number         0  anon$$obj.o ABSOLUTE
    __cpp_initialize__aeabi_                  - Undefined Weak Reference
    __cxa_finalize                            - Undefined Weak Reference
    _clock_init                               - Undefined Weak Reference
    _microlib_exit                            - Undefined Weak Reference
    __Vectors_Size                           0x000001d8   Number         0  startup_stm32g474xx.o ABSOLUTE
    __Vectors                                0x08000000   Data           4  startup_stm32g474xx.o(RESET)
    __Vectors_End                            0x080001d8   Data           0  startup_stm32g474xx.o(RESET)
    __main                                   0x080001d9   Thumb Code     0  entry.o(.ARM.Collect$$$$00000000)
    _main_stk                                0x080001d9   Thumb Code     0  entry2.o(.ARM.Collect$$$$00000001)
    _main_scatterload                        0x080001dd   Thumb Code     0  entry5.o(.ARM.Collect$$$$00000004)
    __main_after_scatterload                 0x080001e1   Thumb Code     0  entry5.o(.ARM.Collect$$$$00000004)
    _main_clock                              0x080001e1   Thumb Code     0  entry7b.o(.ARM.Collect$$$$00000008)
    _main_cpp_init                           0x080001e1   Thumb Code     0  entry8b.o(.ARM.Collect$$$$0000000A)
    _main_init                               0x080001e1   Thumb Code     0  entry9a.o(.ARM.Collect$$$$0000000B)
    __rt_final_cpp                           0x080001e9   Thumb Code     0  entry10a.o(.ARM.Collect$$$$0000000D)
    __rt_final_exit                          0x080001e9   Thumb Code     0  entry11a.o(.ARM.Collect$$$$0000000F)
    Reset_Handler                            0x080001ed   Thumb Code     8  startup_stm32g474xx.o(.text)
    ADC1_2_IRQHandler                        0x08000207   Thumb Code     0  startup_stm32g474xx.o(.text)
    ADC3_IRQHandler                          0x08000207   Thumb Code     0  startup_stm32g474xx.o(.text)
    ADC4_IRQHandler                          0x08000207   Thumb Code     0  startup_stm32g474xx.o(.text)
    ADC5_IRQHandler                          0x08000207   Thumb Code     0  startup_stm32g474xx.o(.text)
    COMP1_2_3_IRQHandler                     0x08000207   Thumb Code     0  startup_stm32g474xx.o(.text)
    COMP4_5_6_IRQHandler                     0x08000207   Thumb Code     0  startup_stm32g474xx.o(.text)
    COMP7_IRQHandler                         0x08000207   Thumb Code     0  startup_stm32g474xx.o(.text)
    CORDIC_IRQHandler                        0x08000207   Thumb Code     0  startup_stm32g474xx.o(.text)
    CRS_IRQHandler                           0x08000207   Thumb Code     0  startup_stm32g474xx.o(.text)
    DMA1_Channel3_IRQHandler                 0x08000207   Thumb Code     0  startup_stm32g474xx.o(.text)
    DMA1_Channel4_IRQHandler                 0x08000207   Thumb Code     0  startup_stm32g474xx.o(.text)
    DMA1_Channel5_IRQHandler                 0x08000207   Thumb Code     0  startup_stm32g474xx.o(.text)
    DMA1_Channel6_IRQHandler                 0x08000207   Thumb Code     0  startup_stm32g474xx.o(.text)
    DMA1_Channel7_IRQHandler                 0x08000207   Thumb Code     0  startup_stm32g474xx.o(.text)
    DMA1_Channel8_IRQHandler                 0x08000207   Thumb Code     0  startup_stm32g474xx.o(.text)
    DMA2_Channel1_IRQHandler                 0x08000207   Thumb Code     0  startup_stm32g474xx.o(.text)
    DMA2_Channel2_IRQHandler                 0x08000207   Thumb Code     0  startup_stm32g474xx.o(.text)
    DMA2_Channel3_IRQHandler                 0x08000207   Thumb Code     0  startup_stm32g474xx.o(.text)
    DMA2_Channel4_IRQHandler                 0x08000207   Thumb Code     0  startup_stm32g474xx.o(.text)
    DMA2_Channel5_IRQHandler                 0x08000207   Thumb Code     0  startup_stm32g474xx.o(.text)
    DMA2_Channel6_IRQHandler                 0x08000207   Thumb Code     0  startup_stm32g474xx.o(.text)
    DMA2_Channel7_IRQHandler                 0x08000207   Thumb Code     0  startup_stm32g474xx.o(.text)
    DMA2_Channel8_IRQHandler                 0x08000207   Thumb Code     0  startup_stm32g474xx.o(.text)
    DMAMUX_OVR_IRQHandler                    0x08000207   Thumb Code     0  startup_stm32g474xx.o(.text)
    EXTI0_IRQHandler                         0x08000207   Thumb Code     0  startup_stm32g474xx.o(.text)
    EXTI15_10_IRQHandler                     0x08000207   Thumb Code     0  startup_stm32g474xx.o(.text)
    EXTI1_IRQHandler                         0x08000207   Thumb Code     0  startup_stm32g474xx.o(.text)
    EXTI2_IRQHandler                         0x08000207   Thumb Code     0  startup_stm32g474xx.o(.text)
    EXTI3_IRQHandler                         0x08000207   Thumb Code     0  startup_stm32g474xx.o(.text)
    EXTI4_IRQHandler                         0x08000207   Thumb Code     0  startup_stm32g474xx.o(.text)
    EXTI9_5_IRQHandler                       0x08000207   Thumb Code     0  startup_stm32g474xx.o(.text)
    FDCAN1_IT0_IRQHandler                    0x08000207   Thumb Code     0  startup_stm32g474xx.o(.text)
    FDCAN1_IT1_IRQHandler                    0x08000207   Thumb Code     0  startup_stm32g474xx.o(.text)
    FDCAN2_IT0_IRQHandler                    0x08000207   Thumb Code     0  startup_stm32g474xx.o(.text)
    FDCAN2_IT1_IRQHandler                    0x08000207   Thumb Code     0  startup_stm32g474xx.o(.text)
    FDCAN3_IT0_IRQHandler                    0x08000207   Thumb Code     0  startup_stm32g474xx.o(.text)
    FDCAN3_IT1_IRQHandler                    0x08000207   Thumb Code     0  startup_stm32g474xx.o(.text)
    FLASH_IRQHandler                         0x08000207   Thumb Code     0  startup_stm32g474xx.o(.text)
    FMAC_IRQHandler                          0x08000207   Thumb Code     0  startup_stm32g474xx.o(.text)
    FMC_IRQHandler                           0x08000207   Thumb Code     0  startup_stm32g474xx.o(.text)
    FPU_IRQHandler                           0x08000207   Thumb Code     0  startup_stm32g474xx.o(.text)
    HRTIM1_FLT_IRQHandler                    0x08000207   Thumb Code     0  startup_stm32g474xx.o(.text)
    HRTIM1_Master_IRQHandler                 0x08000207   Thumb Code     0  startup_stm32g474xx.o(.text)
    HRTIM1_TIMA_IRQHandler                   0x08000207   Thumb Code     0  startup_stm32g474xx.o(.text)
    HRTIM1_TIMB_IRQHandler                   0x08000207   Thumb Code     0  startup_stm32g474xx.o(.text)
    HRTIM1_TIMC_IRQHandler                   0x08000207   Thumb Code     0  startup_stm32g474xx.o(.text)
    HRTIM1_TIMD_IRQHandler                   0x08000207   Thumb Code     0  startup_stm32g474xx.o(.text)
    HRTIM1_TIME_IRQHandler                   0x08000207   Thumb Code     0  startup_stm32g474xx.o(.text)
    HRTIM1_TIMF_IRQHandler                   0x08000207   Thumb Code     0  startup_stm32g474xx.o(.text)
    I2C1_ER_IRQHandler                       0x08000207   Thumb Code     0  startup_stm32g474xx.o(.text)
    I2C1_EV_IRQHandler                       0x08000207   Thumb Code     0  startup_stm32g474xx.o(.text)
    I2C2_ER_IRQHandler                       0x08000207   Thumb Code     0  startup_stm32g474xx.o(.text)
    I2C2_EV_IRQHandler                       0x08000207   Thumb Code     0  startup_stm32g474xx.o(.text)
    I2C3_ER_IRQHandler                       0x08000207   Thumb Code     0  startup_stm32g474xx.o(.text)
    I2C3_EV_IRQHandler                       0x08000207   Thumb Code     0  startup_stm32g474xx.o(.text)
    I2C4_ER_IRQHandler                       0x08000207   Thumb Code     0  startup_stm32g474xx.o(.text)
    I2C4_EV_IRQHandler                       0x08000207   Thumb Code     0  startup_stm32g474xx.o(.text)
    LPTIM1_IRQHandler                        0x08000207   Thumb Code     0  startup_stm32g474xx.o(.text)
    LPUART1_IRQHandler                       0x08000207   Thumb Code     0  startup_stm32g474xx.o(.text)
    PVD_PVM_IRQHandler                       0x08000207   Thumb Code     0  startup_stm32g474xx.o(.text)
    QUADSPI_IRQHandler                       0x08000207   Thumb Code     0  startup_stm32g474xx.o(.text)
    RCC_IRQHandler                           0x08000207   Thumb Code     0  startup_stm32g474xx.o(.text)
    RNG_IRQHandler                           0x08000207   Thumb Code     0  startup_stm32g474xx.o(.text)
    RTC_Alarm_IRQHandler                     0x08000207   Thumb Code     0  startup_stm32g474xx.o(.text)
    RTC_TAMP_LSECSS_IRQHandler               0x08000207   Thumb Code     0  startup_stm32g474xx.o(.text)
    RTC_WKUP_IRQHandler                      0x08000207   Thumb Code     0  startup_stm32g474xx.o(.text)
    SAI1_IRQHandler                          0x08000207   Thumb Code     0  startup_stm32g474xx.o(.text)
    SPI1_IRQHandler                          0x08000207   Thumb Code     0  startup_stm32g474xx.o(.text)
    SPI2_IRQHandler                          0x08000207   Thumb Code     0  startup_stm32g474xx.o(.text)
    SPI3_IRQHandler                          0x08000207   Thumb Code     0  startup_stm32g474xx.o(.text)
    SPI4_IRQHandler                          0x08000207   Thumb Code     0  startup_stm32g474xx.o(.text)
    TIM1_BRK_TIM15_IRQHandler                0x08000207   Thumb Code     0  startup_stm32g474xx.o(.text)
    TIM1_CC_IRQHandler                       0x08000207   Thumb Code     0  startup_stm32g474xx.o(.text)
    TIM1_TRG_COM_TIM17_IRQHandler            0x08000207   Thumb Code     0  startup_stm32g474xx.o(.text)
    TIM1_UP_TIM16_IRQHandler                 0x08000207   Thumb Code     0  startup_stm32g474xx.o(.text)
    TIM20_BRK_IRQHandler                     0x08000207   Thumb Code     0  startup_stm32g474xx.o(.text)
    TIM20_CC_IRQHandler                      0x08000207   Thumb Code     0  startup_stm32g474xx.o(.text)
    TIM20_TRG_COM_IRQHandler                 0x08000207   Thumb Code     0  startup_stm32g474xx.o(.text)
    TIM20_UP_IRQHandler                      0x08000207   Thumb Code     0  startup_stm32g474xx.o(.text)
    TIM2_IRQHandler                          0x08000207   Thumb Code     0  startup_stm32g474xx.o(.text)
    TIM3_IRQHandler                          0x08000207   Thumb Code     0  startup_stm32g474xx.o(.text)
    TIM4_IRQHandler                          0x08000207   Thumb Code     0  startup_stm32g474xx.o(.text)
    TIM5_IRQHandler                          0x08000207   Thumb Code     0  startup_stm32g474xx.o(.text)
    TIM6_DAC_IRQHandler                      0x08000207   Thumb Code     0  startup_stm32g474xx.o(.text)
    TIM7_DAC_IRQHandler                      0x08000207   Thumb Code     0  startup_stm32g474xx.o(.text)
    TIM8_BRK_IRQHandler                      0x08000207   Thumb Code     0  startup_stm32g474xx.o(.text)
    TIM8_CC_IRQHandler                       0x08000207   Thumb Code     0  startup_stm32g474xx.o(.text)
    TIM8_TRG_COM_IRQHandler                  0x08000207   Thumb Code     0  startup_stm32g474xx.o(.text)
    TIM8_UP_IRQHandler                       0x08000207   Thumb Code     0  startup_stm32g474xx.o(.text)
    UART4_IRQHandler                         0x08000207   Thumb Code     0  startup_stm32g474xx.o(.text)
    UART5_IRQHandler                         0x08000207   Thumb Code     0  startup_stm32g474xx.o(.text)
    UCPD1_IRQHandler                         0x08000207   Thumb Code     0  startup_stm32g474xx.o(.text)
    USART2_IRQHandler                        0x08000207   Thumb Code     0  startup_stm32g474xx.o(.text)
    USART3_IRQHandler                        0x08000207   Thumb Code     0  startup_stm32g474xx.o(.text)
    USBWakeUp_IRQHandler                     0x08000207   Thumb Code     0  startup_stm32g474xx.o(.text)
    USB_HP_IRQHandler                        0x08000207   Thumb Code     0  startup_stm32g474xx.o(.text)
    WWDG_IRQHandler                          0x08000207   Thumb Code     0  startup_stm32g474xx.o(.text)
    __aeabi_uldivmod                         0x08000211   Thumb Code    98  uldiv.o(.text)
    __aeabi_memcpy                           0x08000273   Thumb Code    36  memcpya.o(.text)
    __aeabi_memcpy4                          0x08000273   Thumb Code     0  memcpya.o(.text)
    __aeabi_memcpy8                          0x08000273   Thumb Code     0  memcpya.o(.text)
    __aeabi_memset                           0x08000297   Thumb Code    14  memseta.o(.text)
    __aeabi_memset4                          0x08000297   Thumb Code     0  memseta.o(.text)
    __aeabi_memset8                          0x08000297   Thumb Code     0  memseta.o(.text)
    __aeabi_memclr                           0x080002a5   Thumb Code     4  memseta.o(.text)
    __aeabi_memclr4                          0x080002a5   Thumb Code     0  memseta.o(.text)
    __aeabi_memclr8                          0x080002a5   Thumb Code     0  memseta.o(.text)
    _memset$wrapper                          0x080002a9   Thumb Code    18  memseta.o(.text)
    __aeabi_uidiv                            0x080002bb   Thumb Code     0  uidiv.o(.text)
    __aeabi_uidivmod                         0x080002bb   Thumb Code    44  uidiv.o(.text)
    __aeabi_llsl                             0x080002e7   Thumb Code    30  llshl.o(.text)
    _ll_shift_l                              0x080002e7   Thumb Code     0  llshl.o(.text)
    __aeabi_llsr                             0x08000305   Thumb Code    32  llushr.o(.text)
    _ll_ushift_r                             0x08000305   Thumb Code     0  llushr.o(.text)
    __I$use$fp                               0x08000325   Thumb Code     0  iusefp.o(.text)
    __aeabi_dadd                             0x08000325   Thumb Code   322  dadd.o(.text)
    __aeabi_dsub                             0x08000467   Thumb Code     6  dadd.o(.text)
    __aeabi_drsub                            0x0800046d   Thumb Code     6  dadd.o(.text)
    __aeabi_dmul                             0x08000473   Thumb Code   228  dmul.o(.text)
    __aeabi_ddiv                             0x08000557   Thumb Code   222  ddiv.o(.text)
    __aeabi_d2ulz                            0x08000635   Thumb Code    48  dfixul.o(.text)
    __aeabi_cdrcmple                         0x08000665   Thumb Code    48  cdrcmple.o(.text)
    __scatterload                            0x08000695   Thumb Code    38  init.o(.text)
    __scatterload_rt2                        0x08000695   Thumb Code     0  init.o(.text)
    __aeabi_lasr                             0x080006c5   Thumb Code    36  llsshr.o(.text)
    __semihosting_library_function           0x080006c5   Thumb Code     0  semi.o(.text)
    _ll_sshift_r                             0x080006c5   Thumb Code     0  llsshr.o(.text)
    __I$use$semihosting$fputc                0x080006e9   Thumb Code     0  iusesemip.o(.text)
    _double_round                            0x080006e9   Thumb Code    30  depilogue.o(.text)
    _double_epilogue                         0x08000707   Thumb Code   156  depilogue.o(.text)
    __decompress                             0x080007a3   Thumb Code     0  __dczerorl.o(.text)
    __decompress0                            0x080007a3   Thumb Code    58  __dczerorl.o(.text)
    BusFault_Handler                         0x080007dd   Thumb Code     4  stm32g4xx_it.o(.text.BusFault_Handler)
    DMA1_Channel1_IRQHandler                 0x080008b9   Thumb Code    16  stm32g4xx_it.o(.text.DMA1_Channel1_IRQHandler)
    DMA1_Channel2_IRQHandler                 0x080008c9   Thumb Code    16  stm32g4xx_it.o(.text.DMA1_Channel2_IRQHandler)
    DebugMon_Handler                         0x080009f9   Thumb Code     2  stm32g4xx_it.o(.text.DebugMon_Handler)
    Error_Handler                            0x080009fd   Thumb Code    14  main.o(.text.Error_Handler)
    HAL_DMA_Abort                            0x08000a3d   Thumb Code   156  stm32g4xx_hal_dma.o(.text.HAL_DMA_Abort)
    HAL_DMA_Abort_IT                         0x08000ad9   Thumb Code   194  stm32g4xx_hal_dma.o(.text.HAL_DMA_Abort_IT)
    HAL_DMA_GetError                         0x08000b9d   Thumb Code    12  stm32g4xx_hal_dma.o(.text.HAL_DMA_GetError)
    HAL_DMA_IRQHandler                       0x08000ba9   Thumb Code   342  stm32g4xx_hal_dma.o(.text.HAL_DMA_IRQHandler)
    HAL_DMA_Init                             0x08000d01   Thumb Code   342  stm32g4xx_hal_dma.o(.text.HAL_DMA_Init)
    HAL_DMA_Start_IT                         0x08000e59   Thumb Code   252  stm32g4xx_hal_dma.o(.text.HAL_DMA_Start_IT)
    HAL_GPIO_Init                            0x08000f55   Thumb Code   872  stm32g4xx_hal_gpio.o(.text.HAL_GPIO_Init)
    HAL_GPIO_ReadPin                         0x080012bd   Thumb Code    46  stm32g4xx_hal_gpio.o(.text.HAL_GPIO_ReadPin)
    HAL_GPIO_TogglePin                       0x080012ed   Thumb Code    38  stm32g4xx_hal_gpio.o(.text.HAL_GPIO_TogglePin)
    HAL_GPIO_WritePin                        0x08001315   Thumb Code    44  stm32g4xx_hal_gpio.o(.text.HAL_GPIO_WritePin)
    HAL_GetTick                              0x08001341   Thumb Code    12  stm32g4xx_hal.o(.text.HAL_GetTick)
    HAL_IncTick                              0x0800134d   Thumb Code    26  stm32g4xx_hal.o(.text.HAL_IncTick)
    HAL_Init                                 0x08001369   Thumb Code    48  stm32g4xx_hal.o(.text.HAL_Init)
    HAL_InitTick                             0x08001399   Thumb Code   136  stm32g4xx_hal.o(.text.HAL_InitTick)
    HAL_MspInit                              0x08001421   Thumb Code    72  stm32g4xx_hal_msp.o(.text.HAL_MspInit)
    HAL_NVIC_EnableIRQ                       0x08001469   Thumb Code    20  stm32g4xx_hal_cortex.o(.text.HAL_NVIC_EnableIRQ)
    HAL_NVIC_SetPriority                     0x0800147d   Thumb Code    46  stm32g4xx_hal_cortex.o(.text.HAL_NVIC_SetPriority)
    HAL_NVIC_SetPriorityGrouping             0x080014ad   Thumb Code    16  stm32g4xx_hal_cortex.o(.text.HAL_NVIC_SetPriorityGrouping)
    HAL_PCDEx_ActivateLPM                    0x080014bd   Thumb Code    58  stm32g4xx_hal_pcd_ex.o(.text.HAL_PCDEx_ActivateLPM)
    HAL_PCDEx_LPM_Callback                   0x080014f9   Thumb Code    12  stm32g4xx_hal_pcd_ex.o(.text.HAL_PCDEx_LPM_Callback)
    HAL_PCD_DataInStageCallback              0x08001505   Thumb Code    12  stm32g4xx_hal_pcd.o(.text.HAL_PCD_DataInStageCallback)
    HAL_PCD_DataOutStageCallback             0x08001511   Thumb Code    12  stm32g4xx_hal_pcd.o(.text.HAL_PCD_DataOutStageCallback)
    HAL_PCD_IRQHandler                       0x08001e5d   Thumb Code   488  stm32g4xx_hal_pcd.o(.text.HAL_PCD_IRQHandler)
    HAL_PCD_Init                             0x08002045   Thumb Code   404  stm32g4xx_hal_pcd.o(.text.HAL_PCD_Init)
    HAL_PCD_MspInit                          0x080021d9   Thumb Code   112  stm32g4xx_hal_msp.o(.text.HAL_PCD_MspInit)
    HAL_PCD_ResetCallback                    0x08002249   Thumb Code     8  stm32g4xx_hal_pcd.o(.text.HAL_PCD_ResetCallback)
    HAL_PCD_ResumeCallback                   0x08002251   Thumb Code     8  stm32g4xx_hal_pcd.o(.text.HAL_PCD_ResumeCallback)
    HAL_PCD_SOFCallback                      0x08002259   Thumb Code     8  stm32g4xx_hal_pcd.o(.text.HAL_PCD_SOFCallback)
    HAL_PCD_SetAddress                       0x08002261   Thumb Code    92  stm32g4xx_hal_pcd.o(.text.HAL_PCD_SetAddress)
    HAL_PCD_SetupStageCallback               0x080022bd   Thumb Code     8  stm32g4xx_hal_pcd.o(.text.HAL_PCD_SetupStageCallback)
    HAL_PCD_SuspendCallback                  0x080022c5   Thumb Code     8  stm32g4xx_hal_pcd.o(.text.HAL_PCD_SuspendCallback)
    HAL_PWREx_ControlVoltageScaling          0x080022cd   Thumb Code   436  stm32g4xx_hal_pwr_ex.o(.text.HAL_PWREx_ControlVoltageScaling)
    HAL_PWREx_DisableUCPDDeadBattery         0x08002481   Thumb Code    18  stm32g4xx_hal_pwr_ex.o(.text.HAL_PWREx_DisableUCPDDeadBattery)
    HAL_RCCEx_PeriphCLKConfig                0x08002495   Thumb Code  1316  stm32g4xx_hal_rcc_ex.o(.text.HAL_RCCEx_PeriphCLKConfig)
    HAL_RCC_ClockConfig                      0x080029b9   Thumb Code   806  stm32g4xx_hal_rcc.o(.text.HAL_RCC_ClockConfig)
    HAL_RCC_GetHCLKFreq                      0x08002ce1   Thumb Code    12  stm32g4xx_hal_rcc.o(.text.HAL_RCC_GetHCLKFreq)
    HAL_RCC_GetPCLK1Freq                     0x08002ced   Thumb Code    38  stm32g4xx_hal_rcc.o(.text.HAL_RCC_GetPCLK1Freq)
    HAL_RCC_GetPCLK2Freq                     0x08002d15   Thumb Code    38  stm32g4xx_hal_rcc.o(.text.HAL_RCC_GetPCLK2Freq)
    HAL_RCC_GetSysClockFreq                  0x08002d3d   Thumb Code   252  stm32g4xx_hal_rcc.o(.text.HAL_RCC_GetSysClockFreq)
    HAL_RCC_OscConfig                        0x08002e39   Thumb Code  1974  stm32g4xx_hal_rcc.o(.text.HAL_RCC_OscConfig)
    HAL_SYSTICK_Config                       0x080035f1   Thumb Code    16  stm32g4xx_hal_cortex.o(.text.HAL_SYSTICK_Config)
    HAL_UARTEx_DisableFifoMode               0x08003601   Thumb Code   124  stm32g4xx_hal_uart_ex.o(.text.HAL_UARTEx_DisableFifoMode)
    HAL_UARTEx_RxEventCallback               0x0800367d   Thumb Code    12  stm32g4xx_hal_uart.o(.text.HAL_UARTEx_RxEventCallback)
    HAL_UARTEx_RxFifoFullCallback            0x08003689   Thumb Code     8  stm32g4xx_hal_uart_ex.o(.text.HAL_UARTEx_RxFifoFullCallback)
    HAL_UARTEx_SetRxFifoThreshold            0x08003691   Thumb Code   140  stm32g4xx_hal_uart_ex.o(.text.HAL_UARTEx_SetRxFifoThreshold)
    HAL_UARTEx_SetTxFifoThreshold            0x0800371d   Thumb Code   140  stm32g4xx_hal_uart_ex.o(.text.HAL_UARTEx_SetTxFifoThreshold)
    HAL_UARTEx_TxFifoEmptyCallback           0x080037a9   Thumb Code     8  stm32g4xx_hal_uart_ex.o(.text.HAL_UARTEx_TxFifoEmptyCallback)
    HAL_UARTEx_WakeupCallback                0x080037b1   Thumb Code     8  stm32g4xx_hal_uart_ex.o(.text.HAL_UARTEx_WakeupCallback)
    HAL_UART_DMAStop                         0x080037b9   Thumb Code   288  stm32g4xx_hal_uart.o(.text.HAL_UART_DMAStop)
    HAL_UART_ErrorCallback                   0x080038d9   Thumb Code     8  stm32g4xx_hal_uart.o(.text.HAL_UART_ErrorCallback)
    HAL_UART_IRQHandler                      0x080038e1   Thumb Code  1374  stm32g4xx_hal_uart.o(.text.HAL_UART_IRQHandler)
    HAL_UART_Init                            0x08003e41   Thumb Code   170  stm32g4xx_hal_uart.o(.text.HAL_UART_Init)
    HAL_UART_MspInit                         0x08003eed   Thumb Code   346  stm32g4xx_hal_msp.o(.text.HAL_UART_MspInit)
    HAL_UART_Receive_DMA                     0x08004049   Thumb Code   160  stm32g4xx_hal_uart.o(.text.HAL_UART_Receive_DMA)
    HAL_UART_RxCpltCallback                  0x080040e9   Thumb Code     8  stm32g4xx_hal_uart.o(.text.HAL_UART_RxCpltCallback)
    HAL_UART_RxHalfCpltCallback              0x080040f1   Thumb Code     8  stm32g4xx_hal_uart.o(.text.HAL_UART_RxHalfCpltCallback)
    HAL_UART_Transmit_DMA                    0x080040f9   Thumb Code   264  stm32g4xx_hal_uart.o(.text.HAL_UART_Transmit_DMA)
    HAL_UART_TxCpltCallback                  0x08004201   Thumb Code     8  stm32g4xx_hal_uart.o(.text.HAL_UART_TxCpltCallback)
    HAL_UART_TxHalfCpltCallback              0x08004209   Thumb Code     8  stm32g4xx_hal_uart.o(.text.HAL_UART_TxHalfCpltCallback)
    HardFault_Handler                        0x08004211   Thumb Code     4  stm32g4xx_it.o(.text.HardFault_Handler)
    MemManage_Handler                        0x0800442d   Thumb Code     4  stm32g4xx_it.o(.text.MemManage_Handler)
    NMI_Handler                              0x08004431   Thumb Code     4  stm32g4xx_it.o(.text.NMI_Handler)
    PendSV_Handler                           0x08004ba1   Thumb Code     2  stm32g4xx_it.o(.text.PendSV_Handler)
    SVC_Handler                              0x08004c41   Thumb Code     2  stm32g4xx_it.o(.text.SVC_Handler)
    SysTick_Handler                          0x08004c99   Thumb Code     8  stm32g4xx_it.o(.text.SysTick_Handler)
    SystemClock_Config                       0x08004ca1   Thumb Code   124  main.o(.text.SystemClock_Config)
    SystemInit                               0x08004d1d   Thumb Code    18  system_stm32g4xx.o(.text.SystemInit)
    UART_AdvFeatureConfig                    0x08004db9   Thumb Code   328  stm32g4xx_hal_uart.o(.text.UART_AdvFeatureConfig)
    UART_CheckIdleState                      0x08004f01   Thumb Code   326  stm32g4xx_hal_uart.o(.text.UART_CheckIdleState)
    UART_SetConfig                           0x080053f1   Thumb Code  1506  stm32g4xx_hal_uart.o(.text.UART_SetConfig)
    UART_Start_Receive_DMA                   0x080059d5   Thumb Code   302  stm32g4xx_hal_uart.o(.text.UART_Start_Receive_DMA)
    UART_WaitOnFlagUntilTimeout              0x08005b05   Thumb Code   268  stm32g4xx_hal_uart.o(.text.UART_WaitOnFlagUntilTimeout)
    USART1_IRQHandler                        0x08005c11   Thumb Code    20  stm32g4xx_it.o(.text.USART1_IRQHandler)
    USBD_IRQHandler                          0x08005c25   Thumb Code  2354  usb_dc_fsdev.o(.text.USBD_IRQHandler)
    USB_DevInit                              0x08006559   Thumb Code    40  stm32g4xx_ll_usb.o(.text.USB_DevInit)
    USB_DisableGlobalInt                     0x08006581   Thumb Code    30  stm32g4xx_ll_usb.o(.text.USB_DisableGlobalInt)
    USB_EPStartXfer                          0x080065a1   Thumb Code  3606  stm32g4xx_ll_usb.o(.text.USB_EPStartXfer)
    USB_LP_IRQHandler                        0x080073b9   Thumb Code    22  stm32g4xx_it.o(.text.USB_LP_IRQHandler)
    USB_ReadInterrupts                       0x080073d1   Thumb Code    18  stm32g4xx_ll_usb.o(.text.USB_ReadInterrupts)
    USB_ReadPMA                              0x080073e5   Thumb Code   132  stm32g4xx_ll_usb.o(.text.USB_ReadPMA)
    USB_SetDevAddress                        0x08007469   Thumb Code    32  stm32g4xx_ll_usb.o(.text.USB_SetDevAddress)
    USB_WritePMA                             0x08007489   Thumb Code   122  stm32g4xx_ll_usb.o(.text.USB_WritePMA)
    UsageFault_Handler                       0x08007505   Thumb Code     4  stm32g4xx_it.o(.text.UsageFault_Handler)
    bsp_systick_get_ms_since                 0x080075c9   Thumb Code    28  bsp_systick.o(.text.bsp_systick_get_ms_since)
    bsp_systick_get_tick_ms                  0x080075e5   Thumb Code    10  bsp_systick.o(.text.bsp_systick_get_tick_ms)
    bsp_uart_irq_callback                    0x080075f1   Thumb Code   154  bsp_uart.o(.text.bsp_uart_irq_callback)
    bsp_uart_receive                         0x0800768d   Thumb Code    28  bsp_uart.o(.text.bsp_uart_receive)
    bsp_versa_init                           0x080076a9   Thumb Code    84  bsp_versaassistant.o(.text.bsp_versa_init)
    bsp_versa_receive                        0x080076fd   Thumb Code    52  bsp_versaassistant.o(.text.bsp_versa_receive)
    bsp_versa_transmit                       0x08007731   Thumb Code    92  bsp_versaassistant.o(.text.bsp_versa_transmit)
    cdc_acm_data_send                        0x08007895   Thumb Code    46  usb_config.o(.text.cdc_acm_data_send)
    crc_16                                   0x08007909   Thumb Code   130  bsp_crc16.o(.text.crc_16)
    crc_8                                    0x0800798d   Thumb Code    98  bsp_crc8.o(.text.crc_8)
    get_protocol_size                        0x08007ae9   Thumb Code    22  bsp_protocol.o(.text.get_protocol_size)
    hid_data_send                            0x08007c2d   Thumb Code    46  usb_config.o(.text.hid_data_send)
    init_crc16_tab                           0x08007c5d   Thumb Code   188  bsp_crc16.o(.text.init_crc16_tab)
    init_protocol_pointer                    0x08007dcd   Thumb Code    90  bsp_protocol.o(.text.init_protocol_pointer)
    key_enc_scanf                            0x08007e51   Thumb Code   722  bsp_key.o(.text.key_enc_scanf)
    key_task_scan                            0x08008125   Thumb Code    66  bsp_key.o(.text.key_task_scan)
    main                                     0x08008169   Thumb Code   540  main.o(.text.main)
    make_protocol                            0x08008385   Thumb Code   318  bsp_protocol.o(.text.make_protocol)
    parse_protocol                           0x080084c5   Thumb Code   276  bsp_protocol.o(.text.parse_protocol)
    usb_config_init                          0x080085d9   Thumb Code   200  usb_config.o(.text.usb_config_init)
    usb_dc_init                              0x080086a1   Thumb Code    80  usb_dc_fsdev.o(.text.usb_dc_init)
    usb_dc_low_level_init                    0x080086f1   Thumb Code     2  usb_dc_fsdev.o(.text.usb_dc_low_level_init)
    usbd_add_endpoint                        0x080086f5   Thumb Code   168  usbd_core.o(.text.usbd_add_endpoint)
    usbd_add_interface                       0x0800879d   Thumb Code    80  usbd_core.o(.text.usbd_add_interface)
    usbd_cdc_acm_bulk_in                     0x080087ed   Thumb Code    86  usb_config.o(.text.usbd_cdc_acm_bulk_in)
    usbd_cdc_acm_bulk_out                    0x08008845   Thumb Code    52  usb_config.o(.text.usbd_cdc_acm_bulk_out)
    usbd_cdc_acm_get_line_coding             0x08008879   Thumb Code    44  usbd_cdc.o(.text.usbd_cdc_acm_get_line_coding)
    usbd_cdc_acm_init_intf                   0x080088a5   Thumb Code    40  usbd_cdc.o(.text.usbd_cdc_acm_init_intf)
    usbd_cdc_acm_send_break                  0x080088cd   Thumb Code    14  usbd_cdc.o(.text.usbd_cdc_acm_send_break)
    usbd_cdc_acm_set_dtr                     0x080088dd   Thumb Code    18  usbd_cdc.o(.text.usbd_cdc_acm_set_dtr)
    usbd_cdc_acm_set_line_coding             0x080088f1   Thumb Code    16  usbd_cdc.o(.text.usbd_cdc_acm_set_line_coding)
    usbd_cdc_acm_set_rts                     0x08008901   Thumb Code    18  usbd_cdc.o(.text.usbd_cdc_acm_set_rts)
    usbd_desc_register                       0x08008b25   Thumb Code   138  usbd_core.o(.text.usbd_desc_register)
    usbd_ep_clear_stall                      0x08008bb1   Thumb Code   398  usb_dc_fsdev.o(.text.usbd_ep_clear_stall)
    usbd_ep_close                            0x08008d41   Thumb Code   332  usb_dc_fsdev.o(.text.usbd_ep_close)
    usbd_ep_open                             0x08008e8d   Thumb Code  1418  usb_dc_fsdev.o(.text.usbd_ep_open)
    usbd_ep_set_stall                        0x08009419   Thumb Code   172  usb_dc_fsdev.o(.text.usbd_ep_set_stall)
    usbd_ep_start_read                       0x080094c5   Thumb Code   228  usb_dc_fsdev.o(.text.usbd_ep_start_read)
    usbd_ep_start_write                      0x080095a9   Thumb Code   376  usb_dc_fsdev.o(.text.usbd_ep_start_write)
    usbd_event_ep0_in_complete_handler       0x08009721   Thumb Code   230  usbd_core.o(.text.usbd_event_ep0_in_complete_handler)
    usbd_event_ep0_out_complete_handler      0x08009809   Thumb Code   226  usbd_core.o(.text.usbd_event_ep0_out_complete_handler)
    usbd_event_ep0_setup_complete_handler    0x080098ed   Thumb Code   642  usbd_core.o(.text.usbd_event_ep0_setup_complete_handler)
    usbd_event_ep_in_complete_handler        0x08009b71   Thumb Code   108  usbd_core.o(.text.usbd_event_ep_in_complete_handler)
    usbd_event_ep_out_complete_handler       0x08009bdd   Thumb Code   108  usbd_core.o(.text.usbd_event_ep_out_complete_handler)
    usbd_event_reset_handler                 0x08009cbd   Thumb Code   148  usbd_core.o(.text.usbd_event_reset_handler)
    usbd_get_ep_mps                          0x08009f55   Thumb Code   122  usbd_core.o(.text.usbd_get_ep_mps)
    usbd_hid_get_idle                        0x0800a025   Thumb Code    20  usbd_hid.o(.text.usbd_hid_get_idle)
    usbd_hid_get_protocol                    0x0800a039   Thumb Code    16  usbd_hid.o(.text.usbd_hid_get_protocol)
    usbd_hid_get_report                      0x0800a049   Thumb Code    44  usbd_hid.o(.text.usbd_hid_get_report)
    usbd_hid_init_intf                       0x0800a075   Thumb Code    56  usbd_hid.o(.text.usbd_hid_init_intf)
    usbd_hid_set_idle                        0x0800a0ad   Thumb Code    22  usbd_hid.o(.text.usbd_hid_set_idle)
    usbd_hid_set_protocol                    0x0800a0c5   Thumb Code    18  usbd_hid.o(.text.usbd_hid_set_protocol)
    usbd_hid_set_report                      0x0800a0d9   Thumb Code    30  usbd_hid.o(.text.usbd_hid_set_report)
    usbd_initialize                          0x0800a0f9   Thumb Code   170  usbd_core.o(.text.usbd_initialize)
    usbd_set_address                         0x0800a219   Thumb Code    56  usb_dc_fsdev.o(.text.usbd_set_address)
    __0printf                                0x0800ada5   Thumb Code    22  printfa.o(i.__0printf)
    __1printf                                0x0800ada5   Thumb Code     0  printfa.o(i.__0printf)
    __2printf                                0x0800ada5   Thumb Code     0  printfa.o(i.__0printf)
    __c89printf                              0x0800ada5   Thumb Code     0  printfa.o(i.__0printf)
    printf                                   0x0800ada5   Thumb Code     0  printfa.o(i.__0printf)
    __scatterload_copy                       0x0800adc5   Thumb Code    14  handlers.o(i.__scatterload_copy)
    __scatterload_null                       0x0800add3   Thumb Code     2  handlers.o(i.__scatterload_null)
    __scatterload_zeroinit                   0x0800add5   Thumb Code    14  handlers.o(i.__scatterload_zeroinit)
    fputc                                    0x0800b697   Thumb Code    18  fputc.o(i.fputc)
    AHBPrescTable                            0x0800b6a8   Data          16  system_stm32g4xx.o(.rodata.AHBPrescTable)
    APBPrescTable                            0x0800b6b8   Data           8  system_stm32g4xx.o(.rodata.APBPrescTable)
    UARTPrescTable                           0x0800b6d0   Data          24  stm32g4xx_hal_uart.o(.rodata.UARTPrescTable)
    Region$$Table$$Base                      0x0800b9d0   Number         0  anon$$obj.o(Region$$Table)
    Region$$Table$$Limit                     0x0800b9f0   Number         0  anon$$obj.o(Region$$Table)
    __stdout                                 0x20000000   Data           4  stdout.o(.data)
    SystemCoreClock                          0x20000004   Data           4  system_stm32g4xx.o(.data.SystemCoreClock)
    cdc_in_ep                                0x20000008   Data           8  usb_config.o(.data.cdc_in_ep)
    cdc_out_ep                               0x20000010   Data           8  usb_config.o(.data.cdc_out_ep)
    uwTickFreq                               0x20000128   Data           4  stm32g4xx_hal.o(.data.uwTickFreq)
    uwTickPrio                               0x2000012c   Data           4  stm32g4xx_hal.o(.data.uwTickPrio)
    g_usbd_core                              0x20000130   Data         564  usbd_core.o(.noncacheable)
    cdc_read_buffer                          0x20000364   Data         128  usb_config.o(.noncacheable)
    cdc_send_buffer                          0x200003e4   Data         128  usb_config.o(.noncacheable)
    hid_read_buffer                          0x20000464   Data          64  usb_config.o(.noncacheable)
    hid_send_buffer                          0x200004a4   Data          64  usb_config.o(.noncacheable)
    UartRxBuffer                             0x200004e8   Data         128  bsp_uart.o(.bss.UartRxBuffer)
    bsp_versa_type_transmit                  0x20000569   Data           1  bsp_versaassistant.o(.bss.bsp_versa_type_transmit)
    ep_tx_busy_flag                          0x2000076c   Data           1  usb_config.o(.bss.ep_tx_busy_flag)
    g_fsdev_udc                              0x20000770   Data         400  usb_dc_fsdev.o(.bss.g_fsdev_udc)
    g_usbdev_bus                             0x20000900   Data           8  usbd_core.o(.bss.g_usbdev_bus)
    hdma_usart1_rx                           0x20000908   Data          96  main.o(.bss.hdma_usart1_rx)
    hdma_usart1_tx                           0x20000968   Data          96  main.o(.bss.hdma_usart1_tx)
    hpcd_USB_FS                              0x200009c8   Data         732  main.o(.bss.hpcd_USB_FS)
    huart1                                   0x20000ca4   Data         148  main.o(.bss.huart1)
    intf0                                    0x20000d38   Data          28  usb_config.o(.bss.intf0)
    intf1                                    0x20000d54   Data          28  usb_config.o(.bss.intf1)
    intf2                                    0x20000d70   Data          28  usb_config.o(.bss.intf2)
    key_t                                    0x20000d8c   Data          20  bsp_key.o(.bss.key_t)
    pRxBuffer                                0x20000dc8   Data          64  bsp_versaassistant.o(.bss.pRxBuffer)
    pRxData                                  0x20000e08   Data          48  bsp_versaassistant.o(.bss.pRxData)
    pRxProtocol                              0x20000e38   Data          40  bsp_versaassistant.o(.bss.pRxProtocol)
    pTxBuffer                                0x20000e60   Data          64  bsp_versaassistant.o(.bss.pTxBuffer)
    pTxData                                  0x20000ea0   Data          48  bsp_versaassistant.o(.bss.pTxData)
    pTxProtocol                              0x20000ed0   Data          40  bsp_versaassistant.o(.bss.pTxProtocol)
    uwTick                                   0x20000ef8   Data           4  stm32g4xx_hal.o(.bss.uwTick)
    __initial_sp                             0x20001300   Data           0  startup_stm32g474xx.o(STACK)



==============================================================================

Memory Map of the image

  Image Entry point : 0x080001d9

  Load Region LR_IROM1 (Base: 0x08000000, Size: 0x0000bed8, Max: 0x00020000, ABSOLUTE, COMPRESSED[0x0000bb20])

    Execution Region ER_IROM1 (Exec base: 0x08000000, Load base: 0x08000000, Size: 0x0000b9f0, Max: 0x00020000, ABSOLUTE)

    Exec Addr    Load Addr    Size         Type   Attr      Idx    E Section Name        Object

    0x08000000   0x08000000   0x000001d8   Data   RO            3    RESET               startup_stm32g474xx.o
    0x080001d8   0x080001d8   0x00000000   Code   RO         1373  * .ARM.Collect$$$$00000000  mc_w.l(entry.o)
    0x080001d8   0x080001d8   0x00000004   Code   RO         1440    .ARM.Collect$$$$00000001  mc_w.l(entry2.o)
    0x080001dc   0x080001dc   0x00000004   Code   RO         1443    .ARM.Collect$$$$00000004  mc_w.l(entry5.o)
    0x080001e0   0x080001e0   0x00000000   Code   RO         1445    .ARM.Collect$$$$00000008  mc_w.l(entry7b.o)
    0x080001e0   0x080001e0   0x00000000   Code   RO         1447    .ARM.Collect$$$$0000000A  mc_w.l(entry8b.o)
    0x080001e0   0x080001e0   0x00000008   Code   RO         1448    .ARM.Collect$$$$0000000B  mc_w.l(entry9a.o)
    0x080001e8   0x080001e8   0x00000000   Code   RO         1450    .ARM.Collect$$$$0000000D  mc_w.l(entry10a.o)
    0x080001e8   0x080001e8   0x00000000   Code   RO         1452    .ARM.Collect$$$$0000000F  mc_w.l(entry11a.o)
    0x080001e8   0x080001e8   0x00000004   Code   RO         1441    .ARM.Collect$$$$00002712  mc_w.l(entry2.o)
    0x080001ec   0x080001ec   0x00000024   Code   RO            4    .text               startup_stm32g474xx.o
    0x08000210   0x08000210   0x00000062   Code   RO         1376    .text               mc_w.l(uldiv.o)
    0x08000272   0x08000272   0x00000024   Code   RO         1378    .text               mc_w.l(memcpya.o)
    0x08000296   0x08000296   0x00000024   Code   RO         1380    .text               mc_w.l(memseta.o)
    0x080002ba   0x080002ba   0x0000002c   Code   RO         1468    .text               mc_w.l(uidiv.o)
    0x080002e6   0x080002e6   0x0000001e   Code   RO         1470    .text               mc_w.l(llshl.o)
    0x08000304   0x08000304   0x00000020   Code   RO         1472    .text               mc_w.l(llushr.o)
    0x08000324   0x08000324   0x00000000   Code   RO         1476    .text               mc_w.l(iusefp.o)
    0x08000324   0x08000324   0x0000014e   Code   RO         1477    .text               mf_w.l(dadd.o)
    0x08000472   0x08000472   0x000000e4   Code   RO         1479    .text               mf_w.l(dmul.o)
    0x08000556   0x08000556   0x000000de   Code   RO         1481    .text               mf_w.l(ddiv.o)
    0x08000634   0x08000634   0x00000030   Code   RO         1483    .text               mf_w.l(dfixul.o)
    0x08000664   0x08000664   0x00000030   Code   RO         1485    .text               mf_w.l(cdrcmple.o)
    0x08000694   0x08000694   0x00000030   Code   RO         1487    .text               mc_w.l(init.o)
    0x080006c4   0x080006c4   0x00000000   Code   RO         1489    .text               mc_w.l(semi.o)
    0x080006c4   0x080006c4   0x00000024   Code   RO         1490    .text               mc_w.l(llsshr.o)
    0x080006e8   0x080006e8   0x00000000   Code   RO         1492    .text               mc_w.l(iusesemip.o)
    0x080006e8   0x080006e8   0x000000ba   Code   RO         1493    .text               mf_w.l(depilogue.o)
    0x080007a2   0x080007a2   0x0000003a   Code   RO         1503    .text               mc_w.l(__dczerorl.o)
    0x080007dc   0x080007dc   0x00000004   Code   RO           48    .text.BusFault_Handler  stm32g4xx_it.o
    0x080007e0   0x080007e0   0x00000078   Code   RO         1322    .text.CRC16_Check_Sum  bsp_protocol.o
    0x08000858   0x08000858   0x00000060   Code   RO         1330    .text.CRC8_Check_Sum  bsp_protocol.o
    0x080008b8   0x080008b8   0x00000010   Code   RO           60    .text.DMA1_Channel1_IRQHandler  stm32g4xx_it.o
    0x080008c8   0x080008c8   0x00000010   Code   RO           62    .text.DMA1_Channel2_IRQHandler  stm32g4xx_it.o
    0x080008d8   0x080008d8   0x00000074   Code   RO          688    .text.DMA_CalcDMAMUXChannelBaseAndMask  stm32g4xx_hal_dma.o
    0x0800094c   0x0800094c   0x0000003c   Code   RO          690    .text.DMA_CalcDMAMUXRequestGenBaseAndMask  stm32g4xx_hal_dma.o
    0x08000988   0x08000988   0x0000006e   Code   RO          696    .text.DMA_SetConfig  stm32g4xx_hal_dma.o
    0x080009f6   0x080009f6   0x00000002   PAD
    0x080009f8   0x080009f8   0x00000002   Code   RO           54    .text.DebugMon_Handler  stm32g4xx_it.o
    0x080009fa   0x080009fa   0x00000002   PAD
    0x080009fc   0x080009fc   0x0000000e   Code   RO           23    .text.Error_Handler  main.o
    0x08000a0a   0x08000a0a   0x00000002   PAD
    0x08000a0c   0x08000a0c   0x00000016   Code   RO         1316    .text.Get_CRC16_Check  bsp_protocol.o
    0x08000a22   0x08000a22   0x00000002   PAD
    0x08000a24   0x08000a24   0x00000018   Code   RO         1314    .text.Get_CRC8_Check  bsp_protocol.o
    0x08000a3c   0x08000a3c   0x0000009c   Code   RO          700    .text.HAL_DMA_Abort  stm32g4xx_hal_dma.o
    0x08000ad8   0x08000ad8   0x000000c2   Code   RO          702    .text.HAL_DMA_Abort_IT  stm32g4xx_hal_dma.o
    0x08000b9a   0x08000b9a   0x00000002   PAD
    0x08000b9c   0x08000b9c   0x0000000c   Code   RO          714    .text.HAL_DMA_GetError  stm32g4xx_hal_dma.o
    0x08000ba8   0x08000ba8   0x00000156   Code   RO          706    .text.HAL_DMA_IRQHandler  stm32g4xx_hal_dma.o
    0x08000cfe   0x08000cfe   0x00000002   PAD
    0x08000d00   0x08000d00   0x00000156   Code   RO          686    .text.HAL_DMA_Init  stm32g4xx_hal_dma.o
    0x08000e56   0x08000e56   0x00000002   PAD
    0x08000e58   0x08000e58   0x000000fc   Code   RO          698    .text.HAL_DMA_Start_IT  stm32g4xx_hal_dma.o
    0x08000f54   0x08000f54   0x00000368   Code   RO          638    .text.HAL_GPIO_Init  stm32g4xx_hal_gpio.o
    0x080012bc   0x080012bc   0x0000002e   Code   RO          642    .text.HAL_GPIO_ReadPin  stm32g4xx_hal_gpio.o
    0x080012ea   0x080012ea   0x00000002   PAD
    0x080012ec   0x080012ec   0x00000026   Code   RO          646    .text.HAL_GPIO_TogglePin  stm32g4xx_hal_gpio.o
    0x08001312   0x08001312   0x00000002   PAD
    0x08001314   0x08001314   0x0000002c   Code   RO          644    .text.HAL_GPIO_WritePin  stm32g4xx_hal_gpio.o
    0x08001340   0x08001340   0x0000000c   Code   RO          380    .text.HAL_GetTick   stm32g4xx_hal.o
    0x0800134c   0x0800134c   0x0000001a   Code   RO          378    .text.HAL_IncTick   stm32g4xx_hal.o
    0x08001366   0x08001366   0x00000002   PAD
    0x08001368   0x08001368   0x00000030   Code   RO          368    .text.HAL_Init      stm32g4xx_hal.o
    0x08001398   0x08001398   0x00000088   Code   RO          370    .text.HAL_InitTick  stm32g4xx_hal.o
    0x08001420   0x08001420   0x00000048   Code   RO           75    .text.HAL_MspInit   stm32g4xx_hal_msp.o
    0x08001468   0x08001468   0x00000014   Code   RO          791    .text.HAL_NVIC_EnableIRQ  stm32g4xx_hal_cortex.o
    0x0800147c   0x0800147c   0x0000002e   Code   RO          783    .text.HAL_NVIC_SetPriority  stm32g4xx_hal_cortex.o
    0x080014aa   0x080014aa   0x00000002   PAD
    0x080014ac   0x080014ac   0x00000010   Code   RO          779    .text.HAL_NVIC_SetPriorityGrouping  stm32g4xx_hal_cortex.o
    0x080014bc   0x080014bc   0x0000003a   Code   RO          939    .text.HAL_PCDEx_ActivateLPM  stm32g4xx_hal_pcd_ex.o
    0x080014f6   0x080014f6   0x00000002   PAD
    0x080014f8   0x080014f8   0x0000000c   Code   RO          943    .text.HAL_PCDEx_LPM_Callback  stm32g4xx_hal_pcd_ex.o
    0x08001504   0x08001504   0x0000000c   Code   RO          878    .text.HAL_PCD_DataInStageCallback  stm32g4xx_hal_pcd.o
    0x08001510   0x08001510   0x0000000c   Code   RO          876    .text.HAL_PCD_DataOutStageCallback  stm32g4xx_hal_pcd.o
    0x0800151c   0x0800151c   0x000001f8   Code   RO          918    .text.HAL_PCD_EP_DB_Receive  stm32g4xx_hal_pcd.o
    0x08001714   0x08001714   0x00000748   Code   RO          920    .text.HAL_PCD_EP_DB_Transmit  stm32g4xx_hal_pcd.o
    0x08001e5c   0x08001e5c   0x000001e8   Code   RO          862    .text.HAL_PCD_IRQHandler  stm32g4xx_hal_pcd.o
    0x08002044   0x08002044   0x00000194   Code   RO          850    .text.HAL_PCD_Init  stm32g4xx_hal_pcd.o
    0x080021d8   0x080021d8   0x00000070   Code   RO           81    .text.HAL_PCD_MspInit  stm32g4xx_hal_msp.o
    0x08002248   0x08002248   0x00000008   Code   RO          866    .text.HAL_PCD_ResetCallback  stm32g4xx_hal_pcd.o
    0x08002250   0x08002250   0x00000008   Code   RO          870    .text.HAL_PCD_ResumeCallback  stm32g4xx_hal_pcd.o
    0x08002258   0x08002258   0x00000008   Code   RO          874    .text.HAL_PCD_SOFCallback  stm32g4xx_hal_pcd.o
    0x08002260   0x08002260   0x0000005c   Code   RO          868    .text.HAL_PCD_SetAddress  stm32g4xx_hal_pcd.o
    0x080022bc   0x080022bc   0x00000008   Code   RO          880    .text.HAL_PCD_SetupStageCallback  stm32g4xx_hal_pcd.o
    0x080022c4   0x080022c4   0x00000008   Code   RO          872    .text.HAL_PCD_SuspendCallback  stm32g4xx_hal_pcd.o
    0x080022cc   0x080022cc   0x000001b4   Code   RO           96    .text.HAL_PWREx_ControlVoltageScaling  stm32g4xx_hal_pwr_ex.o
    0x08002480   0x08002480   0x00000012   Code   RO          166    .text.HAL_PWREx_DisableUCPDDeadBattery  stm32g4xx_hal_pwr_ex.o
    0x08002492   0x08002492   0x00000002   PAD
    0x08002494   0x08002494   0x00000524   Code   RO          493    .text.HAL_RCCEx_PeriphCLKConfig  stm32g4xx_hal_rcc_ex.o
    0x080029b8   0x080029b8   0x00000326   Code   RO          458    .text.HAL_RCC_ClockConfig  stm32g4xx_hal_rcc.o
    0x08002cde   0x08002cde   0x00000002   PAD
    0x08002ce0   0x08002ce0   0x0000000c   Code   RO          466    .text.HAL_RCC_GetHCLKFreq  stm32g4xx_hal_rcc.o
    0x08002cec   0x08002cec   0x00000026   Code   RO          468    .text.HAL_RCC_GetPCLK1Freq  stm32g4xx_hal_rcc.o
    0x08002d12   0x08002d12   0x00000002   PAD
    0x08002d14   0x08002d14   0x00000026   Code   RO          470    .text.HAL_RCC_GetPCLK2Freq  stm32g4xx_hal_rcc.o
    0x08002d3a   0x08002d3a   0x00000002   PAD
    0x08002d3c   0x08002d3c   0x000000fc   Code   RO          462    .text.HAL_RCC_GetSysClockFreq  stm32g4xx_hal_rcc.o
    0x08002e38   0x08002e38   0x000007b6   Code   RO          456    .text.HAL_RCC_OscConfig  stm32g4xx_hal_rcc.o
    0x080035ee   0x080035ee   0x00000002   PAD
    0x080035f0   0x080035f0   0x00000010   Code   RO          803    .text.HAL_SYSTICK_Config  stm32g4xx_hal_cortex.o
    0x08003600   0x08003600   0x0000007c   Code   RO          345    .text.HAL_UARTEx_DisableFifoMode  stm32g4xx_hal_uart_ex.o
    0x0800367c   0x0800367c   0x0000000c   Code   RO          269    .text.HAL_UARTEx_RxEventCallback  stm32g4xx_hal_uart.o
    0x08003688   0x08003688   0x00000008   Code   RO          327    .text.HAL_UARTEx_RxFifoFullCallback  stm32g4xx_hal_uart_ex.o
    0x08003690   0x08003690   0x0000008c   Code   RO          349    .text.HAL_UARTEx_SetRxFifoThreshold  stm32g4xx_hal_uart_ex.o
    0x0800371c   0x0800371c   0x0000008c   Code   RO          347    .text.HAL_UARTEx_SetTxFifoThreshold  stm32g4xx_hal_uart_ex.o
    0x080037a8   0x080037a8   0x00000008   Code   RO          329    .text.HAL_UARTEx_TxFifoEmptyCallback  stm32g4xx_hal_uart_ex.o
    0x080037b0   0x080037b0   0x00000008   Code   RO          325    .text.HAL_UARTEx_WakeupCallback  stm32g4xx_hal_uart_ex.o
    0x080037b8   0x080037b8   0x00000120   Code   RO          231    .text.HAL_UART_DMAStop  stm32g4xx_hal_uart.o
    0x080038d8   0x080038d8   0x00000008   Code   RO          267    .text.HAL_UART_ErrorCallback  stm32g4xx_hal_uart.o
    0x080038e0   0x080038e0   0x0000055e   Code   RO          263    .text.HAL_UART_IRQHandler  stm32g4xx_hal_uart.o
    0x08003e3e   0x08003e3e   0x00000002   PAD
    0x08003e40   0x08003e40   0x000000aa   Code   RO          175    .text.HAL_UART_Init  stm32g4xx_hal_uart.o
    0x08003eea   0x08003eea   0x00000002   PAD
    0x08003eec   0x08003eec   0x0000015a   Code   RO           77    .text.HAL_UART_MspInit  stm32g4xx_hal_msp.o
    0x08004046   0x08004046   0x00000002   PAD
    0x08004048   0x08004048   0x000000a0   Code   RO          223    .text.HAL_UART_Receive_DMA  stm32g4xx_hal_uart.o
    0x080040e8   0x080040e8   0x00000008   Code   RO          277    .text.HAL_UART_RxCpltCallback  stm32g4xx_hal_uart.o
    0x080040f0   0x080040f0   0x00000008   Code   RO          279    .text.HAL_UART_RxHalfCpltCallback  stm32g4xx_hal_uart.o
    0x080040f8   0x080040f8   0x00000108   Code   RO          215    .text.HAL_UART_Transmit_DMA  stm32g4xx_hal_uart.o
    0x08004200   0x08004200   0x00000008   Code   RO          273    .text.HAL_UART_TxCpltCallback  stm32g4xx_hal_uart.o
    0x08004208   0x08004208   0x00000008   Code   RO          275    .text.HAL_UART_TxHalfCpltCallback  stm32g4xx_hal_uart.o
    0x08004210   0x08004210   0x00000004   Code   RO           44    .text.HardFault_Handler  stm32g4xx_it.o
    0x08004214   0x08004214   0x0000006a   Code   RO           17    .text.MX_DMA_Init   main.o
    0x0800427e   0x0800427e   0x00000002   PAD
    0x08004280   0x08004280   0x000000d8   Code   RO           15    .text.MX_GPIO_Init  main.o
    0x08004358   0x08004358   0x00000092   Code   RO           19    .text.MX_USART1_UART_Init  main.o
    0x080043ea   0x080043ea   0x00000002   PAD
    0x080043ec   0x080043ec   0x0000003e   Code   RO           21    .text.MX_USB_PCD_Init  main.o
    0x0800442a   0x0800442a   0x00000002   PAD
    0x0800442c   0x0800442c   0x00000004   Code   RO           46    .text.MemManage_Handler  stm32g4xx_it.o
    0x08004430   0x08004430   0x00000004   Code   RO           42    .text.NMI_Handler   stm32g4xx_it.o
    0x08004434   0x08004434   0x0000006c   Code   RO          789    .text.NVIC_EncodePriority  stm32g4xx_hal_cortex.o
    0x080044a0   0x080044a0   0x000006fe   Code   RO          864    .text.PCD_EP_ISR_Handler  stm32g4xx_hal_pcd.o
    0x08004b9e   0x08004b9e   0x00000002   PAD
    0x08004ba0   0x08004ba0   0x00000002   Code   RO           56    .text.PendSV_Handler  stm32g4xx_it.o
    0x08004ba2   0x08004ba2   0x00000002   PAD
    0x08004ba4   0x08004ba4   0x0000009c   Code   RO          460    .text.RCC_GetSysClockFreqFromPLLSource  stm32g4xx_hal_rcc.o
    0x08004c40   0x08004c40   0x00000002   Code   RO           52    .text.SVC_Handler   stm32g4xx_it.o
    0x08004c42   0x08004c42   0x00000002   PAD
    0x08004c44   0x08004c44   0x00000052   Code   RO          805    .text.SysTick_Config  stm32g4xx_hal_cortex.o
    0x08004c96   0x08004c96   0x00000002   PAD
    0x08004c98   0x08004c98   0x00000008   Code   RO           58    .text.SysTick_Handler  stm32g4xx_it.o
    0x08004ca0   0x08004ca0   0x0000007c   Code   RO           13    .text.SystemClock_Config  main.o
    0x08004d1c   0x08004d1c   0x00000012   Code   RO         1003    .text.SystemInit    system_stm32g4xx.o
    0x08004d2e   0x08004d2e   0x00000002   PAD
    0x08004d30   0x08004d30   0x00000086   Code   RO          343    .text.UARTEx_SetNbDataToProcess  stm32g4xx_hal_uart_ex.o
    0x08004db6   0x08004db6   0x00000002   PAD
    0x08004db8   0x08004db8   0x00000148   Code   RO          179    .text.UART_AdvFeatureConfig  stm32g4xx_hal_uart.o
    0x08004f00   0x08004f00   0x00000146   Code   RO          183    .text.UART_CheckIdleState  stm32g4xx_hal_uart.o
    0x08005046   0x08005046   0x00000002   PAD
    0x08005048   0x08005048   0x00000024   Code   RO          265    .text.UART_DMAAbortOnError  stm32g4xx_hal_uart.o
    0x0800506c   0x0800506c   0x00000080   Code   RO          221    .text.UART_DMAError  stm32g4xx_hal_uart.o
    0x080050ec   0x080050ec   0x000000f8   Code   RO          311    .text.UART_DMAReceiveCplt  stm32g4xx_hal_uart.o
    0x080051e4   0x080051e4   0x00000036   Code   RO          313    .text.UART_DMARxHalfCplt  stm32g4xx_hal_uart.o
    0x0800521a   0x0800521a   0x00000002   PAD
    0x0800521c   0x0800521c   0x0000007c   Code   RO          217    .text.UART_DMATransmitCplt  stm32g4xx_hal_uart.o
    0x08005298   0x08005298   0x00000016   Code   RO          219    .text.UART_DMATxHalfCplt  stm32g4xx_hal_uart.o
    0x080052ae   0x080052ae   0x00000002   PAD
    0x080052b0   0x080052b0   0x0000009e   Code   RO          235    .text.UART_EndRxTransfer  stm32g4xx_hal_uart.o
    0x0800534e   0x0800534e   0x00000002   PAD
    0x08005350   0x08005350   0x00000044   Code   RO          271    .text.UART_EndTransmit_IT  stm32g4xx_hal_uart.o
    0x08005394   0x08005394   0x0000005c   Code   RO          233    .text.UART_EndTxTransfer  stm32g4xx_hal_uart.o
    0x080053f0   0x080053f0   0x000005e2   Code   RO          181    .text.UART_SetConfig  stm32g4xx_hal_uart.o
    0x080059d2   0x080059d2   0x00000002   PAD
    0x080059d4   0x080059d4   0x0000012e   Code   RO          225    .text.UART_Start_Receive_DMA  stm32g4xx_hal_uart.o
    0x08005b02   0x08005b02   0x00000002   PAD
    0x08005b04   0x08005b04   0x0000010c   Code   RO          197    .text.UART_WaitOnFlagUntilTimeout  stm32g4xx_hal_uart.o
    0x08005c10   0x08005c10   0x00000014   Code   RO           66    .text.USART1_IRQHandler  stm32g4xx_it.o
    0x08005c24   0x08005c24   0x00000932   Code   RO         1151    .text.USBD_IRQHandler  usb_dc_fsdev.o
    0x08006556   0x08006556   0x00000002   PAD
    0x08006558   0x08006558   0x00000028   Code   RO          960    .text.USB_DevInit   stm32g4xx_ll_usb.o
    0x08006580   0x08006580   0x0000001e   Code   RO          956    .text.USB_DisableGlobalInt  stm32g4xx_ll_usb.o
    0x0800659e   0x0800659e   0x00000002   PAD
    0x080065a0   0x080065a0   0x00000e16   Code   RO          970    .text.USB_EPStartXfer  stm32g4xx_ll_usb.o
    0x080073b6   0x080073b6   0x00000002   PAD
    0x080073b8   0x080073b8   0x00000016   Code   RO           64    .text.USB_LP_IRQHandler  stm32g4xx_it.o
    0x080073ce   0x080073ce   0x00000002   PAD
    0x080073d0   0x080073d0   0x00000012   Code   RO          988    .text.USB_ReadInterrupts  stm32g4xx_ll_usb.o
    0x080073e2   0x080073e2   0x00000002   PAD
    0x080073e4   0x080073e4   0x00000084   Code   RO          994    .text.USB_ReadPMA   stm32g4xx_ll_usb.o
    0x08007468   0x08007468   0x00000020   Code   RO          982    .text.USB_SetDevAddress  stm32g4xx_ll_usb.o
    0x08007488   0x08007488   0x0000007a   Code   RO          972    .text.USB_WritePMA  stm32g4xx_ll_usb.o
    0x08007502   0x08007502   0x00000002   PAD
    0x08007504   0x08007504   0x00000004   Code   RO           50    .text.UsageFault_Handler  stm32g4xx_it.o
    0x08007508   0x08007508   0x00000030   Code   RO          793    .text.__NVIC_EnableIRQ  stm32g4xx_hal_cortex.o
    0x08007538   0x08007538   0x00000010   Code   RO          785    .text.__NVIC_GetPriorityGrouping  stm32g4xx_hal_cortex.o
    0x08007548   0x08007548   0x00000042   Code   RO          787    .text.__NVIC_SetPriority  stm32g4xx_hal_cortex.o
    0x0800758a   0x0800758a   0x00000002   PAD
    0x0800758c   0x0800758c   0x0000003c   Code   RO          781    .text.__NVIC_SetPriorityGrouping  stm32g4xx_hal_cortex.o
    0x080075c8   0x080075c8   0x0000001c   Code   RO         1216    .text.bsp_systick_get_ms_since  bsp_systick.o
    0x080075e4   0x080075e4   0x0000000a   Code   RO         1214    .text.bsp_systick_get_tick_ms  bsp_systick.o
    0x080075ee   0x080075ee   0x00000002   PAD
    0x080075f0   0x080075f0   0x0000009a   Code   RO         1237    .text.bsp_uart_irq_callback  bsp_uart.o
    0x0800768a   0x0800768a   0x00000002   PAD
    0x0800768c   0x0800768c   0x0000001c   Code   RO         1233    .text.bsp_uart_receive  bsp_uart.o
    0x080076a8   0x080076a8   0x00000054   Code   RO         1188    .text.bsp_versa_init  bsp_versaassistant.o
    0x080076fc   0x080076fc   0x00000034   Code   RO         1192    .text.bsp_versa_receive  bsp_versaassistant.o
    0x08007730   0x08007730   0x0000005c   Code   RO         1190    .text.bsp_versa_transmit  bsp_versaassistant.o
    0x0800778c   0x0800778c   0x00000108   Code   RO         1101    .text.cdc_acm_class_interface_request_handler  usbd_cdc.o
    0x08007894   0x08007894   0x0000002e   Code   RO         1343    .text.cdc_acm_data_send  usb_config.o
    0x080078c2   0x080078c2   0x00000002   PAD
    0x080078c4   0x080078c4   0x00000042   Code   RO         1320    .text.check_protocol_heade  bsp_protocol.o
    0x08007906   0x08007906   0x00000002   PAD
    0x08007908   0x08007908   0x00000082   Code   RO         1281    .text.crc_16        bsp_crc16.o
    0x0800798a   0x0800798a   0x00000002   PAD
    0x0800798c   0x0800798c   0x00000062   Code   RO         1269    .text.crc_8         bsp_crc8.o
    0x080079ee   0x080079ee   0x00000002   PAD
    0x080079f0   0x080079f0   0x00000084   Code   RO         1153    .text.fsdev_read_pma  usb_dc_fsdev.o
    0x08007a74   0x08007a74   0x00000074   Code   RO         1147    .text.fsdev_write_pma  usb_dc_fsdev.o
    0x08007ae8   0x08007ae8   0x00000016   Code   RO         1298    .text.get_protocol_size  bsp_protocol.o
    0x08007afe   0x08007afe   0x00000002   PAD
    0x08007b00   0x08007b00   0x0000012c   Code   RO         1166    .text.hid_class_interface_request_handler  usbd_hid.o
    0x08007c2c   0x08007c2c   0x0000002e   Code   RO         1345    .text.hid_data_send  usb_config.o
    0x08007c5a   0x08007c5a   0x00000002   PAD
    0x08007c5c   0x08007c5c   0x000000bc   Code   RO         1283    .text.init_crc16_tab  bsp_crc16.o
    0x08007d18   0x08007d18   0x00000056   Code   RO         1308    .text.init_frame_pointer  bsp_protocol.o
    0x08007d6e   0x08007d6e   0x00000002   PAD
    0x08007d70   0x08007d70   0x0000005a   Code   RO         1310    .text.init_message_pointer  bsp_protocol.o
    0x08007dca   0x08007dca   0x00000002   PAD
    0x08007dcc   0x08007dcc   0x0000005a   Code   RO         1306    .text.init_protocol_pointer  bsp_protocol.o
    0x08007e26   0x08007e26   0x00000002   PAD
    0x08007e28   0x08007e28   0x00000028   Code   RO         1083    .text.is_device_configured  usbd_core.o
    0x08007e50   0x08007e50   0x000002d2   Code   RO         1259    .text.key_enc_scanf  bsp_key.o
    0x08008122   0x08008122   0x00000002   PAD
    0x08008124   0x08008124   0x00000042   Code   RO         1257    .text.key_task_scan  bsp_key.o
    0x08008166   0x08008166   0x00000002   PAD
    0x08008168   0x08008168   0x0000021c   Code   RO           11    .text.main          main.o
    0x08008384   0x08008384   0x0000013e   Code   RO         1312    .text.make_protocol  bsp_protocol.o
    0x080084c2   0x080084c2   0x00000002   PAD
    0x080084c4   0x080084c4   0x00000114   Code   RO         1318    .text.parse_protocol  bsp_protocol.o
    0x080085d8   0x080085d8   0x000000c8   Code   RO         1347    .text.usb_config_init  usb_config.o
    0x080086a0   0x080086a0   0x00000050   Code   RO         1127    .text.usb_dc_init   usb_dc_fsdev.o
    0x080086f0   0x080086f0   0x00000002   Code   RO         1123    .text.usb_dc_low_level_init  usb_dc_fsdev.o
    0x080086f2   0x080086f2   0x00000002   PAD
    0x080086f4   0x080086f4   0x000000a8   Code   RO         1051    .text.usbd_add_endpoint  usbd_core.o
    0x0800879c   0x0800879c   0x00000050   Code   RO         1049    .text.usbd_add_interface  usbd_core.o
    0x080087ec   0x080087ec   0x00000056   Code   RO         1341    .text.usbd_cdc_acm_bulk_in  usb_config.o
    0x08008842   0x08008842   0x00000002   PAD
    0x08008844   0x08008844   0x00000034   Code   RO         1339    .text.usbd_cdc_acm_bulk_out  usb_config.o
    0x08008878   0x08008878   0x0000002c   Code   RO         1105    .text.usbd_cdc_acm_get_line_coding  usbd_cdc.o
    0x080088a4   0x080088a4   0x00000028   Code   RO         1099    .text.usbd_cdc_acm_init_intf  usbd_cdc.o
    0x080088cc   0x080088cc   0x0000000e   Code   RO         1111    .text.usbd_cdc_acm_send_break  usbd_cdc.o
    0x080088da   0x080088da   0x00000002   PAD
    0x080088dc   0x080088dc   0x00000012   Code   RO         1107    .text.usbd_cdc_acm_set_dtr  usbd_cdc.o
    0x080088ee   0x080088ee   0x00000002   PAD
    0x080088f0   0x080088f0   0x00000010   Code   RO         1103    .text.usbd_cdc_acm_set_line_coding  usbd_cdc.o
    0x08008900   0x08008900   0x00000012   Code   RO         1109    .text.usbd_cdc_acm_set_rts  usbd_cdc.o
    0x08008912   0x08008912   0x00000002   PAD
    0x08008914   0x08008914   0x000000c8   Code   RO         1027    .text.usbd_class_event_notify_handler  usbd_core.o
    0x080089dc   0x080089dc   0x00000148   Code   RO         1067    .text.usbd_class_request_handler  usbd_core.o
    0x08008b24   0x08008b24   0x0000008a   Code   RO         1041    .text.usbd_desc_register  usbd_core.o
    0x08008bae   0x08008bae   0x00000002   PAD
    0x08008bb0   0x08008bb0   0x0000018e   Code   RO         1141    .text.usbd_ep_clear_stall  usb_dc_fsdev.o
    0x08008d3e   0x08008d3e   0x00000002   PAD
    0x08008d40   0x08008d40   0x0000014c   Code   RO         1137    .text.usbd_ep_close  usb_dc_fsdev.o
    0x08008e8c   0x08008e8c   0x0000058a   Code   RO         1135    .text.usbd_ep_open  usb_dc_fsdev.o
    0x08009416   0x08009416   0x00000002   PAD
    0x08009418   0x08009418   0x000000ac   Code   RO         1139    .text.usbd_ep_set_stall  usb_dc_fsdev.o
    0x080094c4   0x080094c4   0x000000e4   Code   RO         1149    .text.usbd_ep_start_read  usb_dc_fsdev.o
    0x080095a8   0x080095a8   0x00000178   Code   RO         1145    .text.usbd_ep_start_write  usb_dc_fsdev.o
    0x08009720   0x08009720   0x000000e6   Code   RO         1033    .text.usbd_event_ep0_in_complete_handler  usbd_core.o
    0x08009806   0x08009806   0x00000002   PAD
    0x08009808   0x08009808   0x000000e2   Code   RO         1035    .text.usbd_event_ep0_out_complete_handler  usbd_core.o
    0x080098ea   0x080098ea   0x00000002   PAD
    0x080098ec   0x080098ec   0x00000282   Code   RO         1029    .text.usbd_event_ep0_setup_complete_handler  usbd_core.o
    0x08009b6e   0x08009b6e   0x00000002   PAD
    0x08009b70   0x08009b70   0x0000006c   Code   RO         1037    .text.usbd_event_ep_in_complete_handler  usbd_core.o
    0x08009bdc   0x08009bdc   0x0000006c   Code   RO         1039    .text.usbd_event_ep_out_complete_handler  usbd_core.o
    0x08009c48   0x08009c48   0x00000074   Code   RO         1349    .text.usbd_event_handler  usb_config.o
    0x08009cbc   0x08009cbc   0x00000094   Code   RO         1025    .text.usbd_event_reset_handler  usbd_core.o
    0x08009d50   0x08009d50   0x00000204   Code   RO         1077    .text.usbd_get_descriptor  usbd_core.o
    0x08009f54   0x08009f54   0x0000007a   Code   RO         1053    .text.usbd_get_ep_mps  usbd_core.o
    0x08009fce   0x08009fce   0x00000002   PAD
    0x08009fd0   0x08009fd0   0x0000001c   Code   RO         1351    .text.usbd_hid_custom_in_callback  usb_config.o
    0x08009fec   0x08009fec   0x00000036   Code   RO         1353    .text.usbd_hid_custom_out_callback  usb_config.o
    0x0800a022   0x0800a022   0x00000002   PAD
    0x0800a024   0x0800a024   0x00000014   Code   RO         1170    .text.usbd_hid_get_idle  usbd_hid.o
    0x0800a038   0x0800a038   0x00000010   Code   RO         1172    .text.usbd_hid_get_protocol  usbd_hid.o
    0x0800a048   0x0800a048   0x0000002c   Code   RO         1168    .text.usbd_hid_get_report  usbd_hid.o
    0x0800a074   0x0800a074   0x00000038   Code   RO         1164    .text.usbd_hid_init_intf  usbd_hid.o
    0x0800a0ac   0x0800a0ac   0x00000016   Code   RO         1176    .text.usbd_hid_set_idle  usbd_hid.o
    0x0800a0c2   0x0800a0c2   0x00000002   PAD
    0x0800a0c4   0x0800a0c4   0x00000012   Code   RO         1178    .text.usbd_hid_set_protocol  usbd_hid.o
    0x0800a0d6   0x0800a0d6   0x00000002   PAD
    0x0800a0d8   0x0800a0d8   0x0000001e   Code   RO         1174    .text.usbd_hid_set_report  usbd_hid.o
    0x0800a0f6   0x0800a0f6   0x00000002   PAD
    0x0800a0f8   0x0800a0f8   0x000000aa   Code   RO         1059    .text.usbd_initialize  usbd_core.o
    0x0800a1a2   0x0800a1a2   0x00000002   PAD
    0x0800a1a4   0x0800a1a4   0x00000054   Code   RO         1065    .text.usbd_print_setup  usbd_core.o
    0x0800a1f8   0x0800a1f8   0x00000020   Code   RO         1087    .text.usbd_reset_endpoint  usbd_core.o
    0x0800a218   0x0800a218   0x00000038   Code   RO         1131    .text.usbd_set_address  usb_dc_fsdev.o
    0x0800a250   0x0800a250   0x000000fc   Code   RO         1079    .text.usbd_set_configuration  usbd_core.o
    0x0800a34c   0x0800a34c   0x000000ce   Code   RO         1081    .text.usbd_set_endpoint  usbd_core.o
    0x0800a41a   0x0800a41a   0x00000002   PAD
    0x0800a41c   0x0800a41c   0x0000012c   Code   RO         1085    .text.usbd_set_interface  usbd_core.o
    0x0800a548   0x0800a548   0x0000014e   Code   RO         1031    .text.usbd_setup_request_handler  usbd_core.o
    0x0800a696   0x0800a696   0x00000002   PAD
    0x0800a698   0x0800a698   0x00000094   Code   RO         1063    .text.usbd_standard_request_handler  usbd_core.o
    0x0800a72c   0x0800a72c   0x0000019a   Code   RO         1071    .text.usbd_std_device_req_handler  usbd_core.o
    0x0800a8c6   0x0800a8c6   0x00000002   PAD
    0x0800a8c8   0x0800a8c8   0x00000132   Code   RO         1075    .text.usbd_std_endpoint_req_handler  usbd_core.o
    0x0800a9fa   0x0800a9fa   0x00000002   PAD
    0x0800a9fc   0x0800a9fc   0x00000154   Code   RO         1073    .text.usbd_std_interface_req_handler  usbd_core.o
    0x0800ab50   0x0800ab50   0x00000254   Code   RO         1069    .text.usbd_vendor_request_handler  usbd_core.o
    0x0800ada4   0x0800ada4   0x00000020   Code   RO         1385    i.__0printf         mc_w.l(printfa.o)
    0x0800adc4   0x0800adc4   0x0000000e   Code   RO         1497    i.__scatterload_copy  mc_w.l(handlers.o)
    0x0800add2   0x0800add2   0x00000002   Code   RO         1498    i.__scatterload_null  mc_w.l(handlers.o)
    0x0800add4   0x0800add4   0x0000000e   Code   RO         1499    i.__scatterload_zeroinit  mc_w.l(handlers.o)
    0x0800ade2   0x0800ade2   0x00000002   PAD
    0x0800ade4   0x0800ade4   0x00000184   Code   RO         1392    i._fp_digits        mc_w.l(printfa.o)
    0x0800af68   0x0800af68   0x000006dc   Code   RO         1393    i._printf_core      mc_w.l(printfa.o)
    0x0800b644   0x0800b644   0x00000024   Code   RO         1394    i._printf_post_padding  mc_w.l(printfa.o)
    0x0800b668   0x0800b668   0x0000002e   Code   RO         1395    i._printf_pre_padding  mc_w.l(printfa.o)
    0x0800b696   0x0800b696   0x00000012   Code   RO         1454    i.fputc             mc_w.l(fputc.o)
    0x0800b6a8   0x0800b6a8   0x00000010   Data   RO         1008    .rodata.AHBPrescTable  system_stm32g4xx.o
    0x0800b6b8   0x0800b6b8   0x00000008   Data   RO         1009    .rodata.APBPrescTable  system_stm32g4xx.o
    0x0800b6c0   0x0800b6c0   0x00000008   Data   RO          360    .rodata.UARTEx_SetNbDataToProcess.denominator  stm32g4xx_hal_uart_ex.o
    0x0800b6c8   0x0800b6c8   0x00000008   Data   RO          359    .rodata.UARTEx_SetNbDataToProcess.numerator  stm32g4xx_hal_uart_ex.o
    0x0800b6d0   0x0800b6d0   0x00000018   Data   RO          315    .rodata.UARTPrescTable  stm32g4xx_hal_uart.o
    0x0800b6e8   0x0800b6e8   0x000000ca   Data   RO         1359    .rodata.cdc_descriptor  usb_config.o
    0x0800b7b2   0x0800b7b2   0x00000022   Data   RO         1363    .rodata.hid_custom_report_desc  usb_config.o
    0x0800b7d4   0x0800b7d4   0x0000015f   Data   RO         1090    .rodata.str1.1      usbd_core.o
    0x0800b933   0x0800b933   0x00000046   Data   RO         1113    .rodata.str1.1      usbd_cdc.o
    0x0800b979   0x0800b979   0x0000002f   Data   RO         1156    .rodata.str1.1      usb_dc_fsdev.o
    0x0800b9a8   0x0800b9a8   0x00000026   Data   RO         1180    .rodata.str1.1      usbd_hid.o
    0x0800b9ce   0x0800b9ce   0x00000002   PAD
    0x0800b9d0   0x0800b9d0   0x00000020   Data   RO         1496    Region$$Table       anon$$obj.o


    Execution Region RW_IRAM1 (Exec base: 0x20000000, Load base: 0x0800b9f0, Size: 0x00001300, Max: 0x00020000, ABSOLUTE, COMPRESSED[0x00000130])

    Exec Addr    Load Addr    Size         Type   Attr      Idx    E Section Name        Object

    0x20000000   COMPRESSED   0x00000004   Data   RW         1458    .data               mc_w.l(stdout.o)
    0x20000004   COMPRESSED   0x00000004   Data   RW         1007    .data.SystemCoreClock  system_stm32g4xx.o
    0x20000008   COMPRESSED   0x00000008   Data   RW         1358    .data.cdc_in_ep     usb_config.o
    0x20000010   COMPRESSED   0x00000008   Data   RW         1357    .data.cdc_out_ep    usb_config.o
    0x20000018   COMPRESSED   0x00000008   Data   RW         1364    .data.custom_in_ep  usb_config.o
    0x20000020   COMPRESSED   0x00000008   Data   RW         1365    .data.custom_out_ep  usb_config.o
    0x20000028   COMPRESSED   0x00000100   Data   RW         1273    .data.sht75_crc_table  bsp_crc8.o
    0x20000128   COMPRESSED   0x00000004   Data   RW          445    .data.uwTickFreq    stm32g4xx_hal.o
    0x2000012c   COMPRESSED   0x00000004   Data   RW          444    .data.uwTickPrio    stm32g4xx_hal.o
    0x20000130   COMPRESSED   0x00000234   Data   RW         1089    .noncacheable       usbd_core.o
    0x20000364   COMPRESSED   0x00000180   Data   RW         1356    .noncacheable       usb_config.o
    0x200004e4   COMPRESSED   0x00000004   PAD
    0x200004e8        -       0x00000080   Zero   RW         1243    .bss.UartRxBuffer   bsp_uart.o
    0x20000568        -       0x00000001   Zero   RW         1244    .bss.bsp_uart_irq_callback.this_rx_buff_len  bsp_uart.o
    0x20000569        -       0x00000001   Zero   RW         1194    .bss.bsp_versa_type_transmit  bsp_versaassistant.o
    0x2000056a        -       0x00000200   Zero   RW         1290    .bss.crc_tab16      bsp_crc16.o
    0x2000076a        -       0x00000001   Zero   RW         1289    .bss.crc_tab16_init  bsp_crc16.o
    0x2000076b        -       0x00000001   Zero   RW         1366    .bss.custom_state   usb_config.o
    0x2000076c        -       0x00000001   Zero   RW         1355    .bss.ep_tx_busy_flag  usb_config.o
    0x2000076d   COMPRESSED   0x00000003   PAD
    0x20000770        -       0x00000190   Zero   RW         1155    .bss.g_fsdev_udc    usb_dc_fsdev.o
    0x20000900        -       0x00000008   Zero   RW         1091    .bss.g_usbdev_bus   usbd_core.o
    0x20000908        -       0x00000060   Zero   RW           31    .bss.hdma_usart1_rx  main.o
    0x20000968        -       0x00000060   Zero   RW           32    .bss.hdma_usart1_tx  main.o
    0x200009c8        -       0x000002dc   Zero   RW           33    .bss.hpcd_USB_FS    main.o
    0x20000ca4        -       0x00000094   Zero   RW           30    .bss.huart1         main.o
    0x20000d38        -       0x0000001c   Zero   RW         1360    .bss.intf0          usb_config.o
    0x20000d54        -       0x0000001c   Zero   RW         1361    .bss.intf1          usb_config.o
    0x20000d70        -       0x0000001c   Zero   RW         1362    .bss.intf2          usb_config.o
    0x20000d8c        -       0x00000014   Zero   RW         1261    .bss.key_t          bsp_key.o
    0x20000da0        -       0x00000004   Zero   RW           25    .bss.main.expression  main.o
    0x20000da4   COMPRESSED   0x00000004   PAD
    0x20000da8        -       0x00000008   Zero   RW           27    .bss.main.key_tick_time  main.o
    0x20000db0        -       0x00000008   Zero   RW           26    .bss.main.led_blink_time  main.o
    0x20000db8        -       0x00000004   Zero   RW           29    .bss.main.versa_count  main.o
    0x20000dbc   COMPRESSED   0x00000004   PAD
    0x20000dc0        -       0x00000008   Zero   RW           28    .bss.main.versa_tick_time  main.o
    0x20000dc8        -       0x00000040   Zero   RW         1200    .bss.pRxBuffer      bsp_versaassistant.o
    0x20000e08        -       0x00000030   Zero   RW         1199    .bss.pRxData        bsp_versaassistant.o
    0x20000e38        -       0x00000028   Zero   RW         1198    .bss.pRxProtocol    bsp_versaassistant.o
    0x20000e60        -       0x00000040   Zero   RW         1197    .bss.pTxBuffer      bsp_versaassistant.o
    0x20000ea0        -       0x00000030   Zero   RW         1196    .bss.pTxData        bsp_versaassistant.o
    0x20000ed0        -       0x00000028   Zero   RW         1195    .bss.pTxProtocol    bsp_versaassistant.o
    0x20000ef8        -       0x00000004   Zero   RW          446    .bss.uwTick         stm32g4xx_hal.o
    0x20000efc   COMPRESSED   0x00000004   PAD
    0x20000f00        -       0x00000400   Zero   RW            1    STACK               startup_stm32g474xx.o


==============================================================================

Image component sizes


      Code (inc. data)   RO Data    RW Data    ZI Data      Debug   Object Name

       318          0          0          0        513       1716   bsp_crc16.o
        98          0          0        256          0       1055   bsp_crc8.o
       788          0          0          0         20       2287   bsp_key.o
      1210          0          0          0          0       5677   bsp_protocol.o
        38          0          0          0          0       2008   bsp_systick.o
       182          0          0          0        129       2080   bsp_uart.o
       228          4          0          0        305       1975   bsp_versaassistant.o
      1208          0          0          0       1104      12062   main.o
        36          8        472          0       1024        840   startup_stm32g474xx.o
       222          0          0          8          4       9110   stm32g4xx_hal.o
       478          0          0          0          0       9876   stm32g4xx_hal_cortex.o
      1584          0          0          0          0       7784   stm32g4xx_hal_dma.o
      1000          0          0          0          0       5321   stm32g4xx_hal_gpio.o
       530          0          0          0          0      11278   stm32g4xx_hal_msp.o
      5206          0          0          0          0      13715   stm32g4xx_hal_pcd.o
        70          0          0          0          0       5100   stm32g4xx_hal_pcd_ex.o
       454          0          0          0          0       7801   stm32g4xx_hal_pwr_ex.o
      3276          0          0          0          0       9533   stm32g4xx_hal_rcc.o
      1316          0          0          0          0      11712   stm32g4xx_hal_rcc_ex.o
      5968         48         24          0          0      27371   stm32g4xx_hal_uart.o
       562          0         16          0          0       8904   stm32g4xx_hal_uart_ex.o
       108          0          0          0          0       1400   stm32g4xx_it.o
      3980          0          0          0          0      11258   stm32g4xx_ll_usb.o
        18          0         24          4          0       2701   system_stm32g4xx.o
       628         10        236        416         86       3914   usb_config.o
      5664          4         47          0        400       8455   usb_dc_fsdev.o
       414          4         70          0          0       3175   usbd_cdc.o
      6232         38        351        564          8      14385   usbd_core.o
       506         12         38          0          0       3067   usbd_hid.o

    ----------------------------------------------------------------------
     42476        128       1312       1248       3612     205560   Object Totals
         0          0         32          0          0          0   (incl. Generated)
       154          0          2          0         19          0   (incl. Padding)

    ----------------------------------------------------------------------

      Code (inc. data)   RO Data    RW Data    ZI Data      Debug   Library Member Name

        58          0          0          0          0          0   __dczerorl.o
         0          0          0          0          0          0   entry.o
         0          0          0          0          0          0   entry10a.o
         0          0          0          0          0          0   entry11a.o
         8          4          0          0          0          0   entry2.o
         4          0          0          0          0          0   entry5.o
         0          0          0          0          0          0   entry7b.o
         0          0          0          0          0          0   entry8b.o
         8          4          0          0          0          0   entry9a.o
        18          0          0          0          0         80   fputc.o
        30          0          0          0          0          0   handlers.o
        48         10          0          0          0         68   init.o
         0          0          0          0          0          0   iusefp.o
         0          0          0          0          0          0   iusesemip.o
        30          0          0          0          0         68   llshl.o
        36          0          0          0          0         68   llsshr.o
        32          0          0          0          0         68   llushr.o
        36          0          0          0          0         68   memcpya.o
        36          0          0          0          0        108   memseta.o
      2258         90          0          0          0        452   printfa.o
         0          0          0          0          0          0   semi.o
         0          0          0          4          0          0   stdout.o
        44          0          0          0          0         80   uidiv.o
        98          0          0          0          0         92   uldiv.o
        48          0          0          0          0         68   cdrcmple.o
       334          0          0          0          0        148   dadd.o
       222          0          0          0          0        100   ddiv.o
       186          0          0          0          0        176   depilogue.o
        48          0          0          0          0         68   dfixul.o
       228          0          0          0          0         96   dmul.o

    ----------------------------------------------------------------------
      3812        108          0          4          0       1808   Library Totals
         2          0          0          0          0          0   (incl. Padding)

    ----------------------------------------------------------------------

      Code (inc. data)   RO Data    RW Data    ZI Data      Debug   Library Name

      2744        108          0          4          0       1152   mc_w.l
      1066          0          0          0          0        656   mf_w.l

    ----------------------------------------------------------------------
      3812        108          0          4          0       1808   Library Totals

    ----------------------------------------------------------------------

==============================================================================


      Code (inc. data)   RO Data    RW Data    ZI Data      Debug   

     46288        236       1312       1252       3612     206176   Grand Totals
     46288        236       1312        304       3612     206176   ELF Image Totals (compressed)
     46288        236       1312        304          0          0   ROM Totals

==============================================================================

    Total RO  Size (Code + RO Data)                47600 (  46.48kB)
    Total RW  Size (RW Data + ZI Data)              4864 (   4.75kB)
    Total ROM Size (Code + RO Data + RW Data)      47904 (  46.78kB)

==============================================================================

