<html>
<body>
<pre>
<h1>µVision Build Log</h1>
<h2>Tool Versions:</h2>
IDE-Version: ¦ÌVision V5.39.0.0
Copyright (C) 2023 ARM Ltd and ARM Germany GmbH. All rights reserved.
License Information: liu wei
liuwei
User-based license: Keil MDK Community (non-commercial free of charge)
Valid until: Jun 1 2033. Cached until: Oct 26 2024
 
Tool Versions:
Toolchain:       Keil MDK Community (non-commercial free of charge  Version: 5.39.0.0
Toolchain Path:  D:\SoftwareTools\Keil_v5\Core\ARM\ARMCLANG\Bin
C Compiler:      ArmClang.exe V6.21
Assembler:       Armasm.exe V6.21
Linker/Locator:  ArmLink.exe V6.21
Library Manager: ArmAr.exe V6.21
Hex Converter:   FromElf.exe V6.21
CPU DLL:         SARMCM3.DLL V5.39.0.0
Dialog DLL:      DCM.DLL V1.17.5.0
Target DLL:      STLink\ST-LINKIII-KEIL_SWO.dll V3.2.0.0
Dialog DLL:      TCM.DLL V1.56.4.0
 
<h2>Project:</h2>
E:\Projects\VersaAssistant-STM32\VersaAssistant\MDK-ARM\VersaAssistant.uvprojx
Project File Date:  07/02/2024

<h2>Output:</h2>
*** Using Compiler 'V6.21', folder: 'D:\SoftwareTools\Keil_v5\Core\ARM\ARMCLANG\Bin'
Rebuild target 'VersaAssistant'
compiling stm32g4xx_it.c...
compiling stm32g4xx_hal_tim.c...
assembling startup_stm32g474xx.s...
compiling stm32g4xx_hal.c...
compiling stm32g4xx_hal_tim_ex.c...
compiling stm32g4xx_hal_pwr_ex.c...
compiling stm32g4xx_hal_msp.c...
compiling stm32g4xx_hal_gpio.c...
compiling stm32g4xx_hal_flash.c...
compiling stm32g4xx_hal_flash_ramfunc.c...
compiling main.c...
compiling stm32g4xx_hal_rcc.c...
compiling stm32g4xx_hal_uart_ex.c...
compiling stm32g4xx_hal_flash_ex.c...
compiling stm32g4xx_hal_rcc_ex.c...
compiling stm32g4xx_hal_exti.c...
compiling stm32g4xx_hal_uart.c...
compiling stm32g4xx_hal_dma.c...
compiling stm32g4xx_hal_dma_ex.c...
compiling stm32g4xx_hal_pwr.c...
compiling stm32g4xx_hal_pcd_ex.c...
compiling stm32g4xx_hal_cortex.c...
compiling system_stm32g4xx.c...
compiling usbd_cdc.c...
compiling stm32g4xx_hal_pcd.c...
compiling usbd_hid.c...
compiling usbd_core.c...
compiling bsp_crc8.c...
compiling usb_dc_fsdev.c...
compiling bsp_crc16.c...
compiling bsp_systick.c...
compiling stm32g4xx_ll_usb.c...
compiling bsp_uart.c...
compiling bsp_versaassistant.c...
compiling bsp_key.c...
compiling bsp_protocol.c...
compiling usb_config.c...
linking...
Program Size: Code=46288 RO-data=1312 RW-data=1252 ZI-data=3612  
FromELF: creating hex file...
"VersaAssistant\VersaAssistant.axf" - 0 Error(s), 0 Warning(s).

<h2>Software Packages used:</h2>

Package Vendor: ARM
                http://www.keil.com/pack/ARM.CMSIS.5.9.0.pack
                ARM::CMSIS@5.9.0
                CMSIS (Common Microcontroller Software Interface Standard)
   * Component: CORE Version: 5.6.0

Package Vendor: Keil
                https://www.keil.com/pack/Keil.STM32G4xx_DFP.1.5.0.pack
                Keil::STM32G4xx_DFP@1.5.0
                STMicroelectronics STM32G4 Series Device Support, Drivers and Examples

<h2>Collection of Component include folders:</h2>
  ./RTE/_VersaAssistant
  D:/SoftwareTools/Keil_v5/Arm/Packs/ARM/CMSIS/5.9.0/CMSIS/Core/Include
  D:/SoftwareTools/Keil_v5/Arm/Packs/Keil/STM32G4xx_DFP/1.5.0/Drivers/CMSIS/Device/ST/STM32G4xx/Include

<h2>Collection of Component Files used:</h2>

   * Component: ARM::CMSIS:CORE@5.6.0
      Include file:  CMSIS/Core/Include/tz_context.h
Build Time Elapsed:  00:00:02
</pre>
</body>
</html>
